Failed to initialize database schema: Can't create table `wellora`.`user_sessions` (errno: 150 "Foreign key constraint is incorrectly formed")
Failed to initialize database schema: Can't create table `wellora`.`user_sessions` (errno: 150 "Foreign key constraint is incorrectly formed")
Failed to initialize database: Can't create table `wellora`.`user_sessions` (errno: 150 "Foreign key constraint is incorrectly formed")
java.sql.SQLException: Can't create table `wellora`.`user_sessions` (errno: 150 "Foreign key constraint is incorrectly formed")
	at com.mysql.cj.jdbc.exceptions.SQLError.createSQLException(SQLError.java:130)
	at com.mysql.cj.jdbc.exceptions.SQLExceptionsMapping.translateException(SQLExceptionsMapping.java:122)
	at com.mysql.cj.jdbc.StatementImpl.executeInternal(StatementImpl.java:770)
	at com.mysql.cj.jdbc.StatementImpl.execute(StatementImpl.java:653)
	at com.wellcare.javafx.MainApplication.initializeDatabaseSchema(MainApplication.java:142)
	at com.wellcare.javafx.MainApplication.initializeDatabase(MainApplication.java:79)
	at com.wellcare.javafx.MainApplication.start(MainApplication.java:26)
	at javafx.graphics/com.sun.javafx.application.LauncherImpl.lambda$launchApplication1$9(LauncherImpl.java:847)
	at javafx.graphics/com.sun.javafx.application.PlatformImpl.lambda$runAndWait$12(PlatformImpl.java:484)
	at javafx.graphics/com.sun.javafx.application.PlatformImpl.lambda$runLater$10(PlatformImpl.java:457)
	at java.base/java.security.AccessController.doPrivileged(AccessController.java:400)
	at javafx.graphics/com.sun.javafx.application.PlatformImpl.lambda$runLater$11(PlatformImpl.java:456)
	at javafx.graphics/com.sun.glass.ui.InvokeLaterDispatcher$Future.run(InvokeLaterDispatcher.java:96)
	at javafx.graphics/com.sun.glass.ui.win.WinApplication._runLoop(Native Method)
	at javafx.graphics/com.sun.glass.ui.win.WinApplication.lambda$runLoop$3(WinApplication.java:184)
	at java.base/java.lang.Thread.run(Thread.java:1583)
Continuing with application startup (database schema skipped for UI testing)
Failed to send email. SendGrid responded with: 401
Response body: {"errors":[{"message":"Maximum credits exceeded","field":null,"help":null}]}
Error loading FXML with state: /fxml/auth/verify-email.fxml
javafx.fxml.LoadException: 
/C:/Users/lenovo/Desktop/pijava/wellora/src/main/resources/fxml/auth/verify-email.fxml

	at javafx.fxml/javafx.fxml.FXMLLoader.constructLoadException(FXMLLoader.java:2707)
	at javafx.fxml/javafx.fxml.FXMLLoader.loadImpl(FXMLLoader.java:2650)
	at javafx.fxml/javafx.fxml.FXMLLoader.loadImpl(FXMLLoader.java:2548)
	at javafx.fxml/javafx.fxml.FXMLLoader.load(FXMLLoader.java:2516)
	at com.wellcare.javafx.util.SceneManager.switchTo(SceneManager.java:132)
	at com.wellcare.javafx.controller.auth.RegisterPatientController$1.lambda$succeeded$0(RegisterPatientController.java:122)
	at javafx.graphics/com.sun.javafx.application.PlatformImpl.lambda$runLater$10(PlatformImpl.java:457)
	at java.base/java.security.AccessController.doPrivileged(AccessController.java:400)
	at javafx.graphics/com.sun.javafx.application.PlatformImpl.lambda$runLater$11(PlatformImpl.java:456)
	at javafx.graphics/com.sun.glass.ui.InvokeLaterDispatcher$Future.run(InvokeLaterDispatcher.java:96)
	at javafx.graphics/com.sun.glass.ui.win.WinApplication._runLoop(Native Method)
	at javafx.graphics/com.sun.glass.ui.win.WinApplication.lambda$runLoop$3(WinApplication.java:184)
	at java.base/java.lang.Thread.run(Thread.java:1583)
Caused by: javax.xml.stream.XMLStreamException: ParseError at [row,col]:[3,1]
Message: Content is not allowed in prolog.
	at java.xml/com.sun.org.apache.xerces.internal.impl.XMLStreamReaderImpl.next(XMLStreamReaderImpl.java:652)
	at java.xml/javax.xml.stream.util.StreamReaderDelegate.next(StreamReaderDelegate.java:84)
	at javafx.fxml/javafx.fxml.FXMLLoader.loadImpl(FXMLLoader.java:2620)
	... 11 more
Error loading FXML with state: /fxml/auth/verify-email.fxml
javafx.fxml.LoadException: 
/C:/Users/lenovo/Desktop/pijava/wellora/src/main/resources/fxml/auth/verify-email.fxml

	at javafx.fxml/javafx.fxml.FXMLLoader.constructLoadException(FXMLLoader.java:2707)
	at javafx.fxml/javafx.fxml.FXMLLoader.loadImpl(FXMLLoader.java:2650)
	at javafx.fxml/javafx.fxml.FXMLLoader.loadImpl(FXMLLoader.java:2548)
	at javafx.fxml/javafx.fxml.FXMLLoader.load(FXMLLoader.java:2516)
	at com.wellcare.javafx.util.SceneManager.switchTo(SceneManager.java:132)
	at com.wellcare.javafx.controller.auth.LoginController$1.succeeded(LoginController.java:106)
	at javafx.graphics/javafx.concurrent.Task.setState(Task.java:726)
	at javafx.graphics/javafx.concurrent.Task$TaskCallable.lambda$call$1(Task.java:1437)
	at javafx.graphics/com.sun.javafx.application.PlatformImpl.lambda$runLater$10(PlatformImpl.java:457)
	at java.base/java.security.AccessController.doPrivileged(AccessController.java:400)
	at javafx.graphics/com.sun.javafx.application.PlatformImpl.lambda$runLater$11(PlatformImpl.java:456)
	at javafx.graphics/com.sun.glass.ui.InvokeLaterDispatcher$Future.run(InvokeLaterDispatcher.java:96)
	at javafx.graphics/com.sun.glass.ui.win.WinApplication._runLoop(Native Method)
	at javafx.graphics/com.sun.glass.ui.win.WinApplication.lambda$runLoop$3(WinApplication.java:184)
	at java.base/java.lang.Thread.run(Thread.java:1583)
Caused by: javax.xml.stream.XMLStreamException: ParseError at [row,col]:[3,1]
Message: Content is not allowed in prolog.
	at java.xml/com.sun.org.apache.xerces.internal.impl.XMLStreamReaderImpl.next(XMLStreamReaderImpl.java:652)
	at java.xml/javax.xml.stream.util.StreamReaderDelegate.next(StreamReaderDelegate.java:84)
	at javafx.fxml/javafx.fxml.FXMLLoader.loadImpl(FXMLLoader.java:2620)
	... 13 more
