#
# There is insufficient memory for the Java Runtime Environment to continue.
# Native memory allocation (mmap) failed to map 274726912 bytes. Error detail: G1 virtual space
# Possible reasons:
#   The system is out of physical RAM or swap space
#   This process is running with CompressedOops enabled, and the Java Heap may be blocking the growth of the native heap
# Possible solutions:
#   Reduce memory load on the system
#   Increase physical memory or swap space
#   Check if swap backing store is full
#   Decrease Java heap size (-Xmx/-Xms)
#   Decrease number of Java threads
#   Decrease Java thread stack sizes (-Xss)
#   Set larger code cache with -XX:ReservedCodeCacheSize=
#   JVM is running with Zero Based Compressed Oops mode in which the Java heap is
#     placed in the first 32GB address space. The Java Heap base address is the
#     maximum limit for the native heap growth. Please use -XX:HeapBaseMinAddress
#     to set the Java Heap base and to place the Java Heap above 32GB virtual address.
# This output file may be truncated or incomplete.
#
#  Out of Memory Error (os_windows.cpp:3714), pid=11068, tid=43628
#
# JRE version: OpenJDK Runtime Environment Temurin-21.0.11+10 (21.0.11+10) (build 21.0.11+10-LTS)
# Java VM: OpenJDK 64-Bit Server VM Temurin-21.0.11+10 (21.0.11+10-LTS, mixed mode, sharing, tiered, compressed oops, compressed class ptrs, g1 gc, windows-amd64)
# No core dump will be written. Minidumps are not enabled by default on client versions of Windows
#

---------------  S U M M A R Y ------------

Command Line: --module-path=C:\Users\LENOVO\.m2\repository\org\openjfx\javafx-base\17.0.2\javafx-base-17.0.2-win.jar;C:\Users\LENOVO\.m2\repository\org\openjfx\javafx-base\17.0.2\javafx-base-17.0.2.jar;C:\Users\LENOVO\.m2\repository\org\openjfx\javafx-controls\17.0.2\javafx-controls-17.0.2-win.jar;C:\Users\LENOVO\.m2\repository\org\openjfx\javafx-controls\17.0.2\javafx-controls-17.0.2.jar;C:\Users\LENOVO\.m2\repository\org\openjfx\javafx-fxml\17.0.2\javafx-fxml-17.0.2-win.jar;C:\Users\LENOVO\.m2\repository\org\openjfx\javafx-graphics\17.0.2\javafx-graphics-17.0.2-win.jar;C:\Users\LENOVO\.m2\repository\org\openjfx\javafx-graphics\17.0.2\javafx-graphics-17.0.2.jar;C:\Users\LENOVO\.m2\repository\org\openjfx\javafx-media\17.0.2\javafx-media-17.0.2-win.jar;C:\Users\LENOVO\.m2\repository\org\openjfx\javafx-media\17.0.2\javafx-media-17.0.2.jar;C:\Users\LENOVO\.m2\repository\org\openjfx\javafx-swing\17.0.2\javafx-swing-17.0.2-win.jar;C:\Users\LENOVO\.m2\repository\org\openjfx\javafx-swing\17.0.2\javafx-swing-17.0.2.jar;C:\Users\LENOVO\.m2\repository\org\openjfx\javafx-web\17.0.2\javafx-web-17.0.2-win.jar;C:\Users\LENOVO\.m2\repository\org\openjfx\javafx-web\17.0.2\javafx-web-17.0.2.jar --add-modules=javafx.base,javafx.controls,javafx.fxml,javafx.graphics,javafx.media,javafx.swing,javafx.web com.wellcare.Main

Host: AMD Ryzen 5 5600H with Radeon Graphics         , 12 cores, 13G,  Windows 11 , 64 bit Build 26100 (10.0.26100.8246)
Time: Thu May  7 00:21:50 2026 Afr. centrale Ouest elapsed time: 56.392950 seconds (0d 0h 0m 56s)

---------------  T H R E A D  ---------------

Current thread (0x0000024ad93afff0):  VMThread "VM Thread"          [id=43628, stack(0x000000873ca00000,0x000000873cb00000) (1024K)]

Stack: [0x000000873ca00000,0x000000873cb00000]
Native frames: (J=compiled Java code, j=interpreted, Vv=VM code, C=native code)
V  [jvm.dll+0x6d7e19]
V  [jvm.dll+0x8b5096]
V  [jvm.dll+0x8b764e]
V  [jvm.dll+0x8b7d33]
V  [jvm.dll+0x284596]
V  [jvm.dll+0x6d4735]
V  [jvm.dll+0x6c845a]
V  [jvm.dll+0x35ef08]
V  [jvm.dll+0x366b46]
V  [jvm.dll+0x3b7c2e]
V  [jvm.dll+0x3b7ed8]
V  [jvm.dll+0x33310c]
V  [jvm.dll+0x333197]
V  [jvm.dll+0x376f6c]
V  [jvm.dll+0x37570e]
V  [jvm.dll+0x332851]
V  [jvm.dll+0x374d7a]
V  [jvm.dll+0x8bda20]
V  [jvm.dll+0x8bed94]
V  [jvm.dll+0x8bf2c0]
V  [jvm.dll+0x8bf563]
V  [jvm.dll+0x85fb0d]
V  [jvm.dll+0x6d664d]
C  [ucrtbase.dll+0x37b0]
C  [KERNEL32.DLL+0x2e8d7]
C  [ntdll.dll+0x8c3fc]

VM_Operation (0x000000873dafa810): G1CollectForAllocation, mode: safepoint, requested by thread 0x0000024b1f740d90


---------------  P R O C E S S  ---------------

Threads class SMR info:
_java_thread_list=0x0000024b2d77b320, length=65, elements={
0x0000024ab86a1af0, 0x0000024ad93cdf20, 0x0000024ad93d0b40, 0x0000024ad93d45c0,
0x0000024ad93d52a0, 0x0000024ad93d5eb0, 0x0000024ad93d8d70, 0x0000024ad93dcb90,
0x0000024ad93de8a0, 0x0000024ad993f0a0, 0x0000024ad9961910, 0x0000024b1f5e1f90,
0x0000024b1f755200, 0x0000024b1f740d90, 0x0000024b24239e50, 0x0000024b2422b920,
0x0000024b2451d770, 0x0000024b246e87d0, 0x0000024b249e2c60, 0x0000024b2544e760,
0x0000024b2544edf0, 0x0000024b2544da40, 0x0000024b2544c690, 0x0000024b2544cd20,
0x0000024b24299bc0, 0x0000024b24f5a780, 0x0000024b24f5c1c0, 0x0000024b24f5ae10,
0x0000024b24f5b4a0, 0x0000024b24f5cee0, 0x0000024b24f59a60, 0x0000024b24f5fcd0,
0x0000024b24f60360, 0x0000024b24f5d570, 0x0000024b24f609f0, 0x0000024b24f5f640,
0x0000024b24f5dc00, 0x0000024b24f5e290, 0x0000024b24f5e920, 0x0000024b24f5efb0,
0x0000024b27ebab60, 0x0000024b27eba4d0, 0x0000024b27ebb1f0, 0x0000024b27eb9120,
0x0000024b27ebbf10, 0x0000024b27eb9e40, 0x0000024b7c9b1820, 0x0000024b79119a40,
0x0000024b7911a0d0, 0x0000024b7911c1a0, 0x0000024b79118d20, 0x0000024b7911a760,
0x0000024b7911b480, 0x0000024b7911adf0, 0x0000024b7911c830, 0x0000024b7911bb10,
0x0000024b791193b0, 0x0000024b7911e900, 0x0000024b7911fcb0, 0x0000024b7911d550,
0x0000024b7911dbe0, 0x0000024b7911e270, 0x0000024b7911ef90, 0x0000024b7911f620,
0x0000024b79120340
}

Java Threads: ( => current thread )
  0x0000024ab86a1af0 JavaThread "main"                              [_thread_blocked, id=32248, stack(0x000000873c300000,0x000000873c400000) (1024K)]
  0x0000024ad93cdf20 JavaThread "Reference Handler"          daemon [_thread_blocked, id=15112, stack(0x000000873cb00000,0x000000873cc00000) (1024K)]
  0x0000024ad93d0b40 JavaThread "Finalizer"                  daemon [_thread_blocked, id=20496, stack(0x000000873cc00000,0x000000873cd00000) (1024K)]
  0x0000024ad93d45c0 JavaThread "Signal Dispatcher"          daemon [_thread_blocked, id=31348, stack(0x000000873cd00000,0x000000873ce00000) (1024K)]
  0x0000024ad93d52a0 JavaThread "Attach Listener"            daemon [_thread_blocked, id=24544, stack(0x000000873ce00000,0x000000873cf00000) (1024K)]
  0x0000024ad93d5eb0 JavaThread "Service Thread"             daemon [_thread_blocked, id=42008, stack(0x000000873cf00000,0x000000873d000000) (1024K)]
  0x0000024ad93d8d70 JavaThread "Monitor Deflation Thread"   daemon [_thread_blocked, id=45712, stack(0x000000873d000000,0x000000873d100000) (1024K)]
  0x0000024ad93dcb90 JavaThread "C2 CompilerThread0"         daemon [_thread_blocked, id=11132, stack(0x000000873d100000,0x000000873d200000) (1024K)]
  0x0000024ad93de8a0 JavaThread "C1 CompilerThread0"         daemon [_thread_blocked, id=44596, stack(0x000000873d200000,0x000000873d300000) (1024K)]
  0x0000024ad993f0a0 JavaThread "Common-Cleaner"             daemon [_thread_blocked, id=44524, stack(0x000000873d300000,0x000000873d400000) (1024K)]
  0x0000024ad9961910 JavaThread "Notification Thread"        daemon [_thread_blocked, id=36280, stack(0x000000873d600000,0x000000873d700000) (1024K)]
  0x0000024b1f5e1f90 JavaThread "QuantumRenderer-0"          daemon [_thread_blocked, id=45272, stack(0x000000873d700000,0x000000873d800000) (1024K)]
  0x0000024b1f755200 JavaThread "InvokeLaterDispatcher"      daemon [_thread_blocked, id=35384, stack(0x000000873d500000,0x000000873d600000) (1024K)]
  0x0000024b1f740d90 JavaThread "JavaFX Application Thread"         [_thread_blocked, id=32296, stack(0x000000873da00000,0x000000873db00000) (1024K)]
  0x0000024b24239e50 JavaThread "JavaFX-Launcher"                   [_thread_blocked, id=43560, stack(0x000000873e300000,0x000000873e400000) (1024K)]
  0x0000024b2422b920 JavaThread "Thread-2"                   daemon [_thread_blocked, id=10056, stack(0x000000873e100000,0x000000873e200000) (1024K)]
  0x0000024b2451d770 JavaThread "mysql-cj-abandoned-connection-cleanup" daemon [_thread_blocked, id=27532, stack(0x000000873e900000,0x000000873ea00000) (1024K)]
  0x0000024b246e87d0 JavaThread "HttpClient-1-SelectorManager" daemon [_thread_in_native, id=34356, stack(0x000000873eb00000,0x000000873ec00000) (1024K)]
  0x0000024b249e2c60 JavaThread "HttpClient-2-SelectorManager" daemon [_thread_in_native, id=42424, stack(0x000000873ec00000,0x000000873ed00000) (1024K)]
  0x0000024b2544e760 JavaThread "Prism Font Disposer"        daemon [_thread_blocked, id=43496, stack(0x000000873f300000,0x000000873f400000) (1024K)]
  0x0000024b2544edf0 JavaThread "Cleaner-0"                  daemon [_thread_blocked, id=32552, stack(0x000000873f600000,0x000000873f700000) (1024K)]
  0x0000024b2544da40 JavaThread "HttpClient-3-SelectorManager" daemon [_thread_in_native, id=45588, stack(0x000000873f700000,0x000000873f800000) (1024K)]
  0x0000024b2544c690 JavaThread "HttpClient-4-SelectorManager" daemon [_thread_in_native, id=43220, stack(0x000000873fd00000,0x000000873fe00000) (1024K)]
  0x0000024b2544cd20 JavaThread "Disposer"                   daemon [_thread_blocked, id=33904, stack(0x000000873fc00000,0x000000873fd00000) (1024K)]
  0x0000024b24299bc0 JavaThread "C2 CompilerThread1"         daemon [_thread_blocked, id=42548, stack(0x000000873fe00000,0x000000873ff00000) (1024K)]
  0x0000024b24f5a780 JavaThread "HttpClient-5-SelectorManager" daemon [_thread_in_native, id=16972, stack(0x0000008740000000,0x0000008740100000) (1024K)]
  0x0000024b24f5c1c0 JavaThread "URL-Loader-1"               daemon [_thread_blocked, id=28880, stack(0x0000008740100000,0x0000008740200000) (1024K)]
  0x0000024b24f5ae10 JavaThread "URL-Loader-2"               daemon [_thread_blocked, id=45984, stack(0x0000008740200000,0x0000008740300000) (1024K)]
  0x0000024b24f5b4a0 JavaThread "URL-Loader-3"               daemon [_thread_blocked, id=42824, stack(0x0000008740300000,0x0000008740400000) (1024K)]
  0x0000024b24f5cee0 JavaThread "URL-Loader-4"               daemon [_thread_blocked, id=43716, stack(0x0000008740400000,0x0000008740500000) (1024K)]
  0x0000024b24f59a60 JavaThread "URL-Loader-5"               daemon [_thread_blocked, id=38520, stack(0x0000008740500000,0x0000008740600000) (1024K)]
  0x0000024b24f5fcd0 JavaThread "URL-Loader-6"               daemon [_thread_blocked, id=40828, stack(0x0000008740600000,0x0000008740700000) (1024K)]
  0x0000024b24f60360 JavaThread "URL-Loader-7"               daemon [_thread_blocked, id=8368, stack(0x0000008740700000,0x0000008740800000) (1024K)]
  0x0000024b24f5d570 JavaThread "URL-Loader-8"               daemon [_thread_blocked, id=43268, stack(0x0000008740800000,0x0000008740900000) (1024K)]
  0x0000024b24f609f0 JavaThread "URL-Loader-9"               daemon [_thread_blocked, id=39832, stack(0x0000008740900000,0x0000008740a00000) (1024K)]
  0x0000024b24f5f640 JavaThread "URL-Loader-10"              daemon [_thread_blocked, id=42392, stack(0x0000008740a00000,0x0000008740b00000) (1024K)]
  0x0000024b24f5dc00 JavaThread "URL-Loader-11"              daemon [_thread_blocked, id=41180, stack(0x0000008740b00000,0x0000008740c00000) (1024K)]
  0x0000024b24f5e290 JavaThread "URL-Loader-12"              daemon [_thread_blocked, id=41360, stack(0x0000008740c00000,0x0000008740d00000) (1024K)]
  0x0000024b24f5e920 JavaThread "URL-Loader-13"              daemon [_thread_blocked, id=25516, stack(0x0000008740d00000,0x0000008740e00000) (1024K)]
  0x0000024b24f5efb0 JavaThread "URL-Loader-14"              daemon [_thread_blocked, id=9092, stack(0x0000008740e00000,0x0000008740f00000) (1024K)]
  0x0000024b27ebab60 JavaThread "URL-Loader-15"              daemon [_thread_blocked, id=43608, stack(0x0000008740f00000,0x0000008741000000) (1024K)]
  0x0000024b27eba4d0 JavaThread "URL-Loader-16"              daemon [_thread_blocked, id=39400, stack(0x0000008741000000,0x0000008741100000) (1024K)]
  0x0000024b27ebb1f0 JavaThread "URL-Loader-17"              daemon [_thread_blocked, id=43152, stack(0x0000008741100000,0x0000008741200000) (1024K)]
  0x0000024b27eb9120 JavaThread "URL-Loader-18"              daemon [_thread_blocked, id=42376, stack(0x0000008741200000,0x0000008741300000) (1024K)]
  0x0000024b27ebbf10 JavaThread "URL-Loader-19"              daemon [_thread_blocked, id=44440, stack(0x0000008741300000,0x0000008741400000) (1024K)]
  0x0000024b27eb9e40 JavaThread "URL-Loader-20"              daemon [_thread_blocked, id=33840, stack(0x0000008741400000,0x0000008741500000) (1024K)]
  0x0000024b7c9b1820 JavaThread "Thread-24"                  daemon [_thread_in_native, id=44456, stack(0x0000008743200000,0x0000008743300000) (1024K)]
  0x0000024b79119a40 JavaThread "Thread-25"                  daemon [_thread_in_native, id=36548, stack(0x0000008743300000,0x0000008743400000) (1024K)]
  0x0000024b7911a0d0 JavaThread "Thread-26"                  daemon [_thread_blocked, id=42236, stack(0x0000008743400000,0x0000008743500000) (1024K)]
  0x0000024b7911c1a0 JavaThread "Thread-27"                  daemon [_thread_in_native, id=32480, stack(0x0000008743500000,0x0000008743600000) (1024K)]
  0x0000024b79118d20 JavaThread "Thread-28"                  daemon [_thread_blocked, id=44000, stack(0x0000008743600000,0x0000008743700000) (1024K)]
  0x0000024b7911a760 JavaThread "Thread-29"                  daemon [_thread_in_native, id=42780, stack(0x0000008743700000,0x0000008743800000) (1024K)]
  0x0000024b7911b480 JavaThread "Thread-30"                  daemon [_thread_in_native, id=37104, stack(0x0000008743800000,0x0000008743900000) (1024K)]
  0x0000024b7911adf0 JavaThread "Thread-31"                  daemon [_thread_blocked, id=44224, stack(0x0000008743900000,0x0000008743a00000) (1024K)]
  0x0000024b7911c830 JavaThread "Thread-32"                  daemon [_thread_blocked, id=41768, stack(0x000000873ff00000,0x0000008740000000) (1024K)]
  0x0000024b7911bb10 JavaThread "Thread-33"                  daemon [_thread_in_native, id=37600, stack(0x0000008741e00000,0x0000008741f00000) (1024K)]
  0x0000024b791193b0 JavaThread "Thread-34"                  daemon [_thread_in_native, id=44332, stack(0x0000008741d00000,0x0000008741e00000) (1024K)]
  0x0000024b7911e900 JavaThread "Thread-35"                  daemon [_thread_in_native, id=44872, stack(0x0000008741f00000,0x0000008742000000) (1024K)]
  0x0000024b7911fcb0 JavaThread "Thread-36"                  daemon [_thread_blocked, id=42732, stack(0x0000008742000000,0x0000008742100000) (1024K)]
  0x0000024b7911d550 JavaThread "Thread-37"                  daemon [_thread_in_native, id=42468, stack(0x0000008742100000,0x0000008742200000) (1024K)]
  0x0000024b7911dbe0 JavaThread "Thread-38"                  daemon [_thread_in_native, id=44536, stack(0x0000008742200000,0x0000008742300000) (1024K)]
  0x0000024b7911e270 JavaThread "Thread-39"                  daemon [_thread_in_native, id=15800, stack(0x0000008742300000,0x0000008742400000) (1024K)]
  0x0000024b7911ef90 JavaThread "Thread-40"                  daemon [_thread_in_native, id=30516, stack(0x0000008742400000,0x0000008742500000) (1024K)]
  0x0000024b7911f620 JavaThread "Thread-41"                  daemon [_thread_in_native, id=43632, stack(0x0000008742500000,0x0000008742600000) (1024K)]
  0x0000024b79120340 JavaThread "Thread-42"                  daemon [_thread_blocked, id=32180, stack(0x0000008742600000,0x0000008742700000) (1024K)]
Total: 65

Other Threads:
=>0x0000024ad93afff0 VMThread "VM Thread"                           [id=43628, stack(0x000000873ca00000,0x000000873cb00000) (1024K)]
  0x0000024ad939f480 WatcherThread "VM Periodic Task Thread"        [id=36272, stack(0x000000873c900000,0x000000873ca00000) (1024K)]
  0x0000024abaa244c0 WorkerThread "GC Thread#0"                     [id=44652, stack(0x000000873c400000,0x000000873c500000) (1024K)]
  0x0000024b2423ec80 WorkerThread "GC Thread#1"                     [id=39652, stack(0x000000873e400000,0x000000873e500000) (1024K)]
  0x0000024b2423f440 WorkerThread "GC Thread#2"                     [id=44388, stack(0x000000873e500000,0x000000873e600000) (1024K)]
  0x0000024b2423f7f0 WorkerThread "GC Thread#3"                     [id=37200, stack(0x000000873e600000,0x000000873e700000) (1024K)]
  0x0000024b2423fba0 WorkerThread "GC Thread#4"                     [id=42024, stack(0x000000873e700000,0x000000873e800000) (1024K)]
  0x0000024b2425a1c0 WorkerThread "GC Thread#5"                     [id=17440, stack(0x000000873e800000,0x000000873e900000) (1024K)]
  0x0000024b24947860 WorkerThread "GC Thread#6"                     [id=41400, stack(0x000000873ed00000,0x000000873ee00000) (1024K)]
  0x0000024b2494bc20 WorkerThread "GC Thread#7"                     [id=43400, stack(0x000000873ee00000,0x000000873ef00000) (1024K)]
  0x0000024b2494bfd0 WorkerThread "GC Thread#8"                     [id=44792, stack(0x000000873ef00000,0x000000873f000000) (1024K)]
  0x0000024b2494c780 WorkerThread "GC Thread#9"                     [id=44300, stack(0x000000873f000000,0x000000873f100000) (1024K)]
  0x0000024abaa33a80 ConcurrentGCThread "G1 Main Marker"            [id=26156, stack(0x000000873c500000,0x000000873c600000) (1024K)]
  0x0000024abaa34590 WorkerThread "G1 Conc#0"                       [id=45756, stack(0x000000873c600000,0x000000873c700000) (1024K)]
  0x0000024b2494c3d0 WorkerThread "G1 Conc#1"                       [id=20772, stack(0x000000873f400000,0x000000873f500000) (1024K)]
  0x0000024b2494cee0 WorkerThread "G1 Conc#2"                       [id=41676, stack(0x000000873f500000,0x000000873f600000) (1024K)]
  0x0000024ad9269ce0 ConcurrentGCThread "G1 Refine#0"               [id=38876, stack(0x000000873c700000,0x000000873c800000) (1024K)]
  0x0000024ad926b620 ConcurrentGCThread "G1 Service"                [id=30712, stack(0x000000873c800000,0x000000873c900000) (1024K)]
Total: 18

Threads with active compile tasks:
C2 CompilerThread1  56420 8730 %     4       com.sun.javafx.image.impl.BaseByteToByteConverter$FourByteReorderer::doConvert @ 27 (138 bytes)
Total: 1

VM state: at safepoint (normal execution)

VM Mutex/Monitor currently owned by a thread:  ([mutex/lock_event])
[0x00007ff8e749f570] Threads_lock - owner thread: 0x0000024ad93afff0
[0x00007ff8e749f670] Heap_lock - owner thread: 0x0000024b1f740d90

Heap address: 0x0000000722400000, size: 3548 MB, Compressed Oops mode: Zero based, Oop shift amount: 3

CDS archive(s) mapped at: [0x0000024ada000000-0x0000024adac80000-0x0000024adac80000), size 13107200, SharedBaseAddress: 0x0000024ada000000, ArchiveRelocationMode: 1.
Compressed class space mapped at: 0x0000024adb000000-0x0000024b1b000000, reserved size: 1073741824
Narrow klass base: 0x0000024ada000000, Narrow klass shift: 0, Narrow klass range: 0x100000000

GC Precious Log:
 CardTable entry size: 512
 Card Set container configuration: InlinePtr #cards 4 size 8 Array Of Cards #cards 16 size 48 Howl #buckets 8 coarsen threshold 3686 Howl Bitmap #cards 512 size 80 coarsen threshold 460 Card regions per heap region 1 cards per card region 4096
 CPUs: 12 total, 12 available
 Memory: 14188M
 Large Page Support: Disabled
 NUMA Support: Disabled
 Compressed Oops: Enabled (Zero based)
 Heap Region Size: 2M
 Heap Min Capacity: 8M
 Heap Initial Capacity: 222M
 Heap Max Capacity: 3548M
 Pre-touch: Disabled
 Parallel Workers: 10
 Concurrent Workers: 3
 Concurrent Refinement Workers: 10
 Periodic GC: Disabled

Heap:
 garbage-first heap   total 292864K, used 244218K [0x0000000722400000, 0x0000000800000000)
  region size 2048K, 2 young (4096K), 2 survivors (4096K)
 Metaspace       used 33457K, committed 34048K, reserved 1114112K
  class space    used 4268K, committed 4544K, reserved 1048576K

Heap Regions: E=young(eden), S=young(survivor), O=old, HS=humongous(starts), HC=humongous(continues), CS=collection set, F=free, TAMS=top-at-mark-start, PB=parsable bottom
|   0|0x0000000722400000, 0x0000000722600000, 0x0000000722600000|100%| O|  |TAMS 0x0000000722600000| PB 0x0000000722400000| Untracked 
|   1|0x0000000722600000, 0x0000000722800000, 0x0000000722800000|100%| O|  |TAMS 0x0000000722800000| PB 0x0000000722600000| Untracked 
|   2|0x0000000722800000, 0x0000000722a00000, 0x0000000722a00000|100%| O|  |TAMS 0x0000000722a00000| PB 0x0000000722800000| Untracked 
|   3|0x0000000722a00000, 0x0000000722c00000, 0x0000000722c00000|100%|HS|  |TAMS 0x0000000722c00000| PB 0x0000000722a00000| Complete 
|   4|0x0000000722c00000, 0x0000000722e00000, 0x0000000722e00000|100%| O|  |TAMS 0x0000000722e00000| PB 0x0000000722c00000| Untracked 
|   5|0x0000000722e00000, 0x0000000723000000, 0x0000000723000000|100%| O|  |TAMS 0x0000000723000000| PB 0x0000000722e00000| Untracked 
|   6|0x0000000723000000, 0x0000000723200000, 0x0000000723200000|100%| O|  |TAMS 0x0000000723200000| PB 0x0000000723000000| Untracked 
|   7|0x0000000723200000, 0x0000000723400000, 0x0000000723400000|100%| O|  |TAMS 0x0000000723400000| PB 0x0000000723200000| Untracked 
|   8|0x0000000723400000, 0x0000000723600000, 0x0000000723600000|100%| O|  |TAMS 0x0000000723600000| PB 0x0000000723400000| Untracked 
|   9|0x0000000723600000, 0x0000000723800000, 0x0000000723800000|100%| O|  |TAMS 0x0000000723800000| PB 0x0000000723600000| Untracked 
|  10|0x0000000723800000, 0x0000000723a00000, 0x0000000723a00000|100%| O|  |TAMS 0x0000000723a00000| PB 0x0000000723800000| Untracked 
|  11|0x0000000723a00000, 0x0000000723c00000, 0x0000000723c00000|100%| O|  |TAMS 0x0000000723c00000| PB 0x0000000723a00000| Untracked 
|  12|0x0000000723c00000, 0x0000000723e00000, 0x0000000723e00000|100%| O|  |TAMS 0x0000000723e00000| PB 0x0000000723c00000| Untracked 
|  13|0x0000000723e00000, 0x0000000724000000, 0x0000000724000000|100%| O|  |TAMS 0x0000000724000000| PB 0x0000000723e00000| Untracked 
|  14|0x0000000724000000, 0x0000000724200000, 0x0000000724200000|100%| O|  |TAMS 0x0000000724200000| PB 0x0000000724000000| Untracked 
|  15|0x0000000724200000, 0x0000000724400000, 0x0000000724400000|100%| O|  |TAMS 0x0000000724400000| PB 0x0000000724200000| Untracked 
|  16|0x0000000724400000, 0x0000000724600000, 0x0000000724600000|100%| O|  |TAMS 0x0000000724600000| PB 0x0000000724400000| Untracked 
|  17|0x0000000724600000, 0x0000000724800000, 0x0000000724800000|100%| O|  |TAMS 0x0000000724800000| PB 0x0000000724600000| Untracked 
|  18|0x0000000724800000, 0x0000000724a00000, 0x0000000724a00000|100%| O|  |TAMS 0x0000000724a00000| PB 0x0000000724800000| Untracked 
|  19|0x0000000724a00000, 0x0000000724c00000, 0x0000000724c00000|100%| O|  |TAMS 0x0000000724c00000| PB 0x0000000724a00000| Untracked 
|  20|0x0000000724c00000, 0x0000000724e00000, 0x0000000724e00000|100%| O|  |TAMS 0x0000000724e00000| PB 0x0000000724c00000| Untracked 
|  21|0x0000000724e00000, 0x0000000725000000, 0x0000000725000000|100%| O|  |TAMS 0x0000000725000000| PB 0x0000000724e00000| Untracked 
|  22|0x0000000725000000, 0x0000000725200000, 0x0000000725200000|100%| O|  |TAMS 0x0000000725200000| PB 0x0000000725000000| Untracked 
|  23|0x0000000725200000, 0x0000000725400000, 0x0000000725400000|100%| O|  |TAMS 0x0000000725400000| PB 0x0000000725200000| Untracked 
|  24|0x0000000725400000, 0x0000000725600000, 0x0000000725600000|100%| O|  |TAMS 0x0000000725600000| PB 0x0000000725400000| Untracked 
|  25|0x0000000725600000, 0x0000000725800000, 0x0000000725800000|100%| O|  |TAMS 0x0000000725800000| PB 0x0000000725600000| Untracked 
|  26|0x0000000725800000, 0x0000000725a00000, 0x0000000725a00000|100%| O|  |TAMS 0x0000000725a00000| PB 0x0000000725800000| Untracked 
|  27|0x0000000725a00000, 0x0000000725c00000, 0x0000000725c00000|100%| O|  |TAMS 0x0000000725c00000| PB 0x0000000725a00000| Untracked 
|  28|0x0000000725c00000, 0x0000000725e00000, 0x0000000725e00000|100%| O|  |TAMS 0x0000000725e00000| PB 0x0000000725c00000| Untracked 
|  29|0x0000000725e00000, 0x0000000726000000, 0x0000000726000000|100%| O|  |TAMS 0x0000000726000000| PB 0x0000000725e00000| Untracked 
|  30|0x0000000726000000, 0x0000000726200000, 0x0000000726200000|100%| O|  |TAMS 0x0000000726200000| PB 0x0000000726000000| Untracked 
|  31|0x0000000726200000, 0x0000000726400000, 0x0000000726400000|100%| O|  |TAMS 0x0000000726400000| PB 0x0000000726200000| Untracked 
|  32|0x0000000726400000, 0x0000000726600000, 0x0000000726600000|100%| O|  |TAMS 0x0000000726600000| PB 0x0000000726400000| Untracked 
|  33|0x0000000726600000, 0x0000000726800000, 0x0000000726800000|100%| O|  |TAMS 0x0000000726800000| PB 0x0000000726600000| Untracked 
|  34|0x0000000726800000, 0x0000000726a00000, 0x0000000726a00000|100%| O|  |TAMS 0x0000000726a00000| PB 0x0000000726800000| Untracked 
|  35|0x0000000726a00000, 0x0000000726c00000, 0x0000000726c00000|100%| O|  |TAMS 0x0000000726c00000| PB 0x0000000726a00000| Untracked 
|  36|0x0000000726c00000, 0x0000000726e00000, 0x0000000726e00000|100%| O|  |TAMS 0x0000000726e00000| PB 0x0000000726c00000| Untracked 
|  37|0x0000000726e00000, 0x0000000727000000, 0x0000000727000000|100%| O|  |TAMS 0x0000000727000000| PB 0x0000000726e00000| Untracked 
|  38|0x0000000727000000, 0x0000000727200000, 0x0000000727200000|100%| O|  |TAMS 0x0000000727200000| PB 0x0000000727000000| Untracked 
|  39|0x0000000727200000, 0x0000000727400000, 0x0000000727400000|100%| O|  |TAMS 0x0000000727400000| PB 0x0000000727200000| Untracked 
|  40|0x0000000727400000, 0x0000000727600000, 0x0000000727600000|100%| O|  |TAMS 0x0000000727600000| PB 0x0000000727400000| Untracked 
|  41|0x0000000727600000, 0x0000000727800000, 0x0000000727800000|100%| O|  |TAMS 0x0000000727800000| PB 0x0000000727600000| Untracked 
|  42|0x0000000727800000, 0x0000000727a00000, 0x0000000727a00000|100%| O|  |TAMS 0x0000000727a00000| PB 0x0000000727800000| Untracked 
|  43|0x0000000727a00000, 0x0000000727c00000, 0x0000000727c00000|100%| O|  |TAMS 0x0000000727c00000| PB 0x0000000727a00000| Untracked 
|  44|0x0000000727c00000, 0x0000000727e00000, 0x0000000727e00000|100%| O|  |TAMS 0x0000000727e00000| PB 0x0000000727c00000| Untracked 
|  45|0x0000000727e00000, 0x0000000728000000, 0x0000000728000000|100%| O|  |TAMS 0x0000000728000000| PB 0x0000000727e00000| Untracked 
|  46|0x0000000728000000, 0x0000000728200000, 0x0000000728200000|100%| O|  |TAMS 0x0000000728200000| PB 0x0000000728000000| Untracked 
|  47|0x0000000728200000, 0x0000000728400000, 0x0000000728400000|100%| O|  |TAMS 0x0000000728400000| PB 0x0000000728200000| Untracked 
|  48|0x0000000728400000, 0x0000000728600000, 0x0000000728600000|100%| O|  |TAMS 0x0000000728600000| PB 0x0000000728400000| Untracked 
|  49|0x0000000728600000, 0x0000000728800000, 0x0000000728800000|100%| O|  |TAMS 0x0000000728800000| PB 0x0000000728600000| Untracked 
|  50|0x0000000728800000, 0x0000000728a00000, 0x0000000728a00000|100%| O|  |TAMS 0x0000000728a00000| PB 0x0000000728800000| Untracked 
|  51|0x0000000728a00000, 0x0000000728c00000, 0x0000000728c00000|100%| O|  |TAMS 0x0000000728c00000| PB 0x0000000728a00000| Untracked 
|  52|0x0000000728c00000, 0x0000000728e00000, 0x0000000728e00000|100%| O|  |TAMS 0x0000000728e00000| PB 0x0000000728c00000| Untracked 
|  53|0x0000000728e00000, 0x0000000729000000, 0x0000000729000000|100%| O|  |TAMS 0x0000000729000000| PB 0x0000000728e00000| Untracked 
|  54|0x0000000729000000, 0x0000000729200000, 0x0000000729200000|100%| O|  |TAMS 0x0000000729200000| PB 0x0000000729000000| Untracked 
|  55|0x0000000729200000, 0x0000000729400000, 0x0000000729400000|100%| O|  |TAMS 0x0000000729400000| PB 0x0000000729200000| Untracked 
|  56|0x0000000729400000, 0x0000000729600000, 0x0000000729600000|100%| O|  |TAMS 0x0000000729600000| PB 0x0000000729400000| Untracked 
|  57|0x0000000729600000, 0x0000000729800000, 0x0000000729800000|100%| O|  |TAMS 0x0000000729800000| PB 0x0000000729600000| Untracked 
|  58|0x0000000729800000, 0x0000000729a00000, 0x0000000729a00000|100%| O|  |TAMS 0x0000000729a00000| PB 0x0000000729800000| Untracked 
|  59|0x0000000729a00000, 0x0000000729c00000, 0x0000000729c00000|100%| O|  |TAMS 0x0000000729c00000| PB 0x0000000729a00000| Untracked 
|  60|0x0000000729c00000, 0x0000000729e00000, 0x0000000729e00000|100%| O|  |TAMS 0x0000000729e00000| PB 0x0000000729c00000| Untracked 
|  61|0x0000000729e00000, 0x000000072a000000, 0x000000072a000000|100%| O|  |TAMS 0x000000072a000000| PB 0x0000000729e00000| Untracked 
|  62|0x000000072a000000, 0x000000072a200000, 0x000000072a200000|100%| O|  |TAMS 0x000000072a200000| PB 0x000000072a000000| Untracked 
|  63|0x000000072a200000, 0x000000072a400000, 0x000000072a400000|100%| O|  |TAMS 0x000000072a400000| PB 0x000000072a200000| Untracked 
|  64|0x000000072a400000, 0x000000072a600000, 0x000000072a600000|100%| O|  |TAMS 0x000000072a600000| PB 0x000000072a400000| Untracked 
|  65|0x000000072a600000, 0x000000072a800000, 0x000000072a800000|100%| O|  |TAMS 0x000000072a800000| PB 0x000000072a600000| Untracked 
|  66|0x000000072a800000, 0x000000072aa00000, 0x000000072aa00000|100%| O|  |TAMS 0x000000072aa00000| PB 0x000000072a800000| Untracked 
|  67|0x000000072aa00000, 0x000000072ac00000, 0x000000072ac00000|100%| O|  |TAMS 0x000000072ac00000| PB 0x000000072aa00000| Untracked 
|  68|0x000000072ac00000, 0x000000072ae00000, 0x000000072ae00000|100%| O|  |TAMS 0x000000072ae00000| PB 0x000000072ac00000| Untracked 
|  69|0x000000072ae00000, 0x000000072b000000, 0x000000072b000000|100%| O|  |TAMS 0x000000072b000000| PB 0x000000072ae00000| Untracked 
|  70|0x000000072b000000, 0x000000072b200000, 0x000000072b200000|100%| O|  |TAMS 0x000000072b200000| PB 0x000000072b000000| Untracked 
|  71|0x000000072b200000, 0x000000072b400000, 0x000000072b400000|100%| O|  |TAMS 0x000000072b400000| PB 0x000000072b200000| Untracked 
|  72|0x000000072b400000, 0x000000072b600000, 0x000000072b600000|100%| O|  |TAMS 0x000000072b600000| PB 0x000000072b400000| Untracked 
|  73|0x000000072b600000, 0x000000072b800000, 0x000000072b800000|100%| O|  |TAMS 0x000000072b800000| PB 0x000000072b600000| Untracked 
|  74|0x000000072b800000, 0x000000072ba00000, 0x000000072ba00000|100%| O|  |TAMS 0x000000072ba00000| PB 0x000000072b800000| Untracked 
|  75|0x000000072ba00000, 0x000000072bc00000, 0x000000072bc00000|100%| O|  |TAMS 0x000000072bc00000| PB 0x000000072ba00000| Untracked 
|  76|0x000000072bc00000, 0x000000072be00000, 0x000000072be00000|100%| O|  |TAMS 0x000000072be00000| PB 0x000000072bc00000| Untracked 
|  77|0x000000072be00000, 0x000000072c000000, 0x000000072c000000|100%| O|  |TAMS 0x000000072c000000| PB 0x000000072be00000| Untracked 
|  78|0x000000072c000000, 0x000000072c200000, 0x000000072c200000|100%| O|  |TAMS 0x000000072c200000| PB 0x000000072c000000| Untracked 
|  79|0x000000072c200000, 0x000000072c400000, 0x000000072c400000|100%| O|  |TAMS 0x000000072c400000| PB 0x000000072c200000| Untracked 
|  80|0x000000072c400000, 0x000000072c600000, 0x000000072c600000|100%| O|  |TAMS 0x000000072c600000| PB 0x000000072c400000| Untracked 
|  81|0x000000072c600000, 0x000000072c800000, 0x000000072c800000|100%| O|  |TAMS 0x000000072c800000| PB 0x000000072c600000| Untracked 
|  82|0x000000072c800000, 0x000000072ca00000, 0x000000072ca00000|100%| O|  |TAMS 0x000000072ca00000| PB 0x000000072c800000| Untracked 
|  83|0x000000072ca00000, 0x000000072cc00000, 0x000000072cc00000|100%| O|  |TAMS 0x000000072cc00000| PB 0x000000072ca00000| Untracked 
|  84|0x000000072cc00000, 0x000000072ce00000, 0x000000072ce00000|100%| O|  |TAMS 0x000000072ce00000| PB 0x000000072cc00000| Untracked 
|  85|0x000000072ce00000, 0x000000072d000000, 0x000000072d000000|100%| O|  |TAMS 0x000000072d000000| PB 0x000000072ce00000| Untracked 
|  86|0x000000072d000000, 0x000000072d200000, 0x000000072d200000|100%| O|  |TAMS 0x000000072d200000| PB 0x000000072d000000| Untracked 
|  87|0x000000072d200000, 0x000000072d400000, 0x000000072d400000|100%| O|  |TAMS 0x000000072d400000| PB 0x000000072d200000| Untracked 
|  88|0x000000072d400000, 0x000000072d600000, 0x000000072d600000|100%| O|  |TAMS 0x000000072d600000| PB 0x000000072d400000| Untracked 
|  89|0x000000072d600000, 0x000000072d800000, 0x000000072d800000|100%| O|  |TAMS 0x000000072d800000| PB 0x000000072d600000| Untracked 
|  90|0x000000072d800000, 0x000000072da00000, 0x000000072da00000|100%| O|  |TAMS 0x000000072da00000| PB 0x000000072d800000| Untracked 
|  91|0x000000072da00000, 0x000000072dc00000, 0x000000072dc00000|100%| O|  |TAMS 0x000000072dc00000| PB 0x000000072da00000| Untracked 
|  92|0x000000072dc00000, 0x000000072de00000, 0x000000072de00000|100%| O|  |TAMS 0x000000072de00000| PB 0x000000072dc00000| Untracked 
|  93|0x000000072de00000, 0x000000072e000000, 0x000000072e000000|100%| O|  |TAMS 0x000000072e000000| PB 0x000000072de00000| Untracked 
|  94|0x000000072e000000, 0x000000072e200000, 0x000000072e200000|100%| O|  |TAMS 0x000000072e200000| PB 0x000000072e000000| Untracked 
|  95|0x000000072e200000, 0x000000072e400000, 0x000000072e400000|100%| O|  |TAMS 0x000000072e400000| PB 0x000000072e200000| Untracked 
|  96|0x000000072e400000, 0x000000072e600000, 0x000000072e600000|100%| O|  |TAMS 0x000000072e600000| PB 0x000000072e400000| Untracked 
|  97|0x000000072e600000, 0x000000072e800000, 0x000000072e800000|100%| O|  |TAMS 0x000000072e800000| PB 0x000000072e600000| Untracked 
|  98|0x000000072e800000, 0x000000072ea00000, 0x000000072ea00000|100%| O|  |TAMS 0x000000072ea00000| PB 0x000000072e800000| Untracked 
|  99|0x000000072ea00000, 0x000000072ec00000, 0x000000072ec00000|100%| O|  |TAMS 0x000000072ec00000| PB 0x000000072ea00000| Untracked 
| 100|0x000000072ec00000, 0x000000072ee00000, 0x000000072ee00000|100%| O|  |TAMS 0x000000072ee00000| PB 0x000000072ec00000| Untracked 
| 101|0x000000072ee00000, 0x000000072f000000, 0x000000072f000000|100%| O|  |TAMS 0x000000072f000000| PB 0x000000072ee00000| Untracked 
| 102|0x000000072f000000, 0x000000072f200000, 0x000000072f200000|100%| O|  |TAMS 0x000000072f200000| PB 0x000000072f000000| Untracked 
| 103|0x000000072f200000, 0x000000072f400000, 0x000000072f400000|100%| O|  |TAMS 0x000000072f400000| PB 0x000000072f200000| Untracked 
| 104|0x000000072f400000, 0x000000072f600000, 0x000000072f600000|100%| O|  |TAMS 0x000000072f600000| PB 0x000000072f400000| Untracked 
| 105|0x000000072f600000, 0x000000072f800000, 0x000000072f800000|100%| O|  |TAMS 0x000000072f800000| PB 0x000000072f600000| Untracked 
| 106|0x000000072f800000, 0x000000072fa00000, 0x000000072fa00000|100%| O|  |TAMS 0x000000072fa00000| PB 0x000000072f800000| Untracked 
| 107|0x000000072fa00000, 0x000000072fc00000, 0x000000072fc00000|100%| O|  |TAMS 0x000000072fbfa440| PB 0x000000072fa00000| Untracked 
| 108|0x000000072fc00000, 0x000000072fe00000, 0x000000072fe00000|100%| O|  |TAMS 0x000000072fc00000| PB 0x000000072fc00000| Untracked 
| 109|0x000000072fe00000, 0x0000000730000000, 0x0000000730000000|100%| O|  |TAMS 0x000000072fe00000| PB 0x000000072fe00000| Untracked 
| 110|0x0000000730000000, 0x0000000730200000, 0x0000000730200000|100%| O|  |TAMS 0x0000000730000000| PB 0x0000000730000000| Untracked 
| 111|0x0000000730200000, 0x0000000730400000, 0x0000000730400000|100%| O|  |TAMS 0x0000000730200000| PB 0x0000000730200000| Untracked 
| 112|0x0000000730400000, 0x0000000730600000, 0x0000000730600000|100%| O|  |TAMS 0x0000000730400000| PB 0x0000000730400000| Untracked 
| 113|0x0000000730600000, 0x0000000730800000, 0x0000000730800000|100%| O|  |TAMS 0x0000000730600000| PB 0x0000000730600000| Untracked 
| 114|0x0000000730800000, 0x0000000730a00000, 0x0000000730a00000|100%| O|  |TAMS 0x0000000730800000| PB 0x0000000730800000| Untracked 
| 115|0x0000000730a00000, 0x0000000730c00000, 0x0000000730c00000|100%| O|  |TAMS 0x0000000730a00000| PB 0x0000000730a00000| Untracked 
| 116|0x0000000730c00000, 0x0000000730e00000, 0x0000000730e00000|100%| O|  |TAMS 0x0000000730c00000| PB 0x0000000730c00000| Untracked 
| 117|0x0000000730e00000, 0x0000000730e7e910, 0x0000000731000000| 24%| O|  |TAMS 0x0000000730e00000| PB 0x0000000730e00000| Untracked 
| 118|0x0000000731000000, 0x0000000731000000, 0x0000000731200000|  0%| F|  |TAMS 0x0000000731000000| PB 0x0000000731000000| Untracked 
| 119|0x0000000731200000, 0x0000000731200000, 0x0000000731400000|  0%| F|  |TAMS 0x0000000731200000| PB 0x0000000731200000| Untracked 
| 120|0x0000000731400000, 0x0000000731400000, 0x0000000731600000|  0%| F|  |TAMS 0x0000000731400000| PB 0x0000000731400000| Untracked 
| 121|0x0000000731600000, 0x0000000731600000, 0x0000000731800000|  0%| F|  |TAMS 0x0000000731600000| PB 0x0000000731600000| Untracked 
| 122|0x0000000731800000, 0x0000000731800000, 0x0000000731a00000|  0%| F|  |TAMS 0x0000000731800000| PB 0x0000000731800000| Untracked 
| 123|0x0000000731a00000, 0x0000000731a00000, 0x0000000731c00000|  0%| F|  |TAMS 0x0000000731a00000| PB 0x0000000731a00000| Untracked 
| 124|0x0000000731c00000, 0x0000000731c00000, 0x0000000731e00000|  0%| F|  |TAMS 0x0000000731c00000| PB 0x0000000731c00000| Untracked 
| 125|0x0000000731e00000, 0x0000000731e00000, 0x0000000732000000|  0%| F|  |TAMS 0x0000000731e00000| PB 0x0000000731e00000| Untracked 
| 126|0x0000000732000000, 0x0000000732000000, 0x0000000732200000|  0%| F|  |TAMS 0x0000000732000000| PB 0x0000000732000000| Untracked 
| 127|0x0000000732200000, 0x0000000732200000, 0x0000000732400000|  0%| F|  |TAMS 0x0000000732200000| PB 0x0000000732200000| Untracked 
| 128|0x0000000732400000, 0x0000000732400000, 0x0000000732600000|  0%| F|  |TAMS 0x0000000732400000| PB 0x0000000732400000| Untracked 
| 129|0x0000000732600000, 0x0000000732800000, 0x0000000732800000|100%| S|CS|TAMS 0x0000000732600000| PB 0x0000000732600000| Complete 
| 130|0x0000000732800000, 0x0000000732a00000, 0x0000000732a00000|100%| S|CS|TAMS 0x0000000732800000| PB 0x0000000732800000| Complete 
| 131|0x0000000732a00000, 0x0000000732a00000, 0x0000000732c00000|  0%| F|  |TAMS 0x0000000732a00000| PB 0x0000000732a00000| Untracked 
| 132|0x0000000732c00000, 0x0000000732c00000, 0x0000000732e00000|  0%| F|  |TAMS 0x0000000732c00000| PB 0x0000000732c00000| Untracked 
| 133|0x0000000732e00000, 0x0000000732e00000, 0x0000000733000000|  0%| F|  |TAMS 0x0000000732e00000| PB 0x0000000732e00000| Untracked 
| 134|0x0000000733000000, 0x0000000733000000, 0x0000000733200000|  0%| F|  |TAMS 0x0000000733000000| PB 0x0000000733000000| Untracked 
| 135|0x0000000733200000, 0x0000000733200000, 0x0000000733400000|  0%| F|  |TAMS 0x0000000733200000| PB 0x0000000733200000| Untracked 
| 136|0x0000000733400000, 0x0000000733400000, 0x0000000733600000|  0%| F|  |TAMS 0x0000000733400000| PB 0x0000000733400000| Untracked 
| 137|0x0000000733600000, 0x0000000733600000, 0x0000000733800000|  0%| F|  |TAMS 0x0000000733600000| PB 0x0000000733600000| Untracked 
| 138|0x0000000733800000, 0x0000000733800000, 0x0000000733a00000|  0%| F|  |TAMS 0x0000000733800000| PB 0x0000000733800000| Untracked 
| 139|0x0000000733a00000, 0x0000000733a00000, 0x0000000733c00000|  0%| F|  |TAMS 0x0000000733a00000| PB 0x0000000733a00000| Untracked 
| 140|0x0000000733c00000, 0x0000000733c00000, 0x0000000733e00000|  0%| F|  |TAMS 0x0000000733c00000| PB 0x0000000733c00000| Untracked 
| 141|0x0000000733e00000, 0x0000000733e00000, 0x0000000734000000|  0%| F|  |TAMS 0x0000000733e00000| PB 0x0000000733e00000| Untracked 
| 142|0x0000000734000000, 0x0000000734000000, 0x0000000734200000|  0%| F|  |TAMS 0x0000000734000000| PB 0x0000000734000000| Untracked 

Card table byte_map: [0x0000024ad2d20000,0x0000024ad3410000] _byte_map_base: 0x0000024acf40e000

Marking Bits: (CMBitMap*) 0x0000024abaa253e0
 Bits: [0x0000024ad3410000, 0x0000024ad6b80000)

Polling page: 0x0000024ab8bc0000

Metaspace:

Usage:
  Non-class:     28.50 MB used.
      Class:      4.17 MB used.
       Both:     32.67 MB used.

Virtual space:
  Non-class space:       64.00 MB reserved,      28.81 MB ( 45%) committed,  1 nodes.
      Class space:        1.00 GB reserved,       4.44 MB ( <1%) committed,  1 nodes.
             Both:        1.06 GB reserved,      33.25 MB (  3%) committed. 

Chunk freelists:
   Non-Class:  3.20 MB
       Class:  11.52 MB
        Both:  14.73 MB

MaxMetaspaceSize: unlimited
CompressedClassSpaceSize: 1.00 GB
Initial GC threshold: 21.00 MB
Current GC threshold: 55.31 MB
CDS: on
 - commit_granule_bytes: 65536.
 - commit_granule_words: 8192.
 - virtual_space_node_default_size: 8388608.
 - enlarge_chunks_in_place: 1.
 - use_allocation_guard: 0.


Internal statistics:

num_allocs_failed_limit: 3.
num_arena_births: 816.
num_arena_deaths: 44.
num_vsnodes_births: 2.
num_vsnodes_deaths: 0.
num_space_committed: 532.
num_space_uncommitted: 0.
num_chunks_returned_to_freelist: 69.
num_chunks_taken_from_freelist: 1971.
num_chunk_merges: 31.
num_chunk_splits: 1295.
num_chunks_enlarged: 845.
num_inconsistent_stats: 0.

CodeHeap 'non-profiled nmethods': size=120000Kb used=3372Kb max_used=4325Kb free=116627Kb
 bounds [0x0000024acabb0000, 0x0000024acb010000, 0x0000024ad20e0000]
CodeHeap 'profiled nmethods': size=120000Kb used=11757Kb max_used=16477Kb free=108242Kb
 bounds [0x0000024ac30e0000, 0x0000024ac4110000, 0x0000024aca610000]
CodeHeap 'non-nmethods': size=5760Kb used=1902Kb max_used=1964Kb free=3857Kb
 bounds [0x0000024aca610000, 0x0000024aca880000, 0x0000024acabb0000]
CodeCache: size=245760Kb, used=17031Kb, max_used=22766Kb, free=228726Kb
 total_blobs=6416, nmethods=5400, adapters=916, full_count=0
Compilation: enabled, stopped_count=0, restarted_count=0

Compilation events (20 events):
Event: 56.149 Thread 0x0000024ad93de8a0 nmethod 8724 0x0000024ac3262390 code [0x0000024ac32625a0, 0x0000024ac3262bb0]
Event: 56.149 Thread 0x0000024ad93de8a0 8725       3       com.sun.javafx.iio.gif.GIFImageLoader2::updateMetadata (60 bytes)
Event: 56.150 Thread 0x0000024ad93de8a0 nmethod 8725 0x0000024ac3708010 code [0x0000024ac37082a0, 0x0000024ac3708fe0]
Event: 56.176 Thread 0x0000024ad93de8a0 8726       3       java.io.ByteArrayInputStream::close (1 bytes)
Event: 56.176 Thread 0x0000024ad93de8a0 nmethod 8726 0x0000024ac3208590 code [0x0000024ac3208720, 0x0000024ac3208828]
Event: 56.198 Thread 0x0000024b24299bc0 nmethod 8665 0x0000024acaf25210 code [0x0000024acaf25ba0, 0x0000024acaf2dc58]
Event: 56.199 Thread 0x0000024b24299bc0 8720       4       com.sun.javafx.iio.gif.GIFImageLoader2$LZWDecoder::readData (52 bytes)
Event: 56.208 Thread 0x0000024b24299bc0 nmethod 8720 0x0000024acabb0d10 code [0x0000024acabb0f00, 0x0000024acabb13a0]
Event: 56.210 Thread 0x0000024ad93de8a0 8727       3       com.sun.javafx.iio.ImageFrame::<init> (17 bytes)
Event: 56.210 Thread 0x0000024ad93de8a0 nmethod 8727 0x0000024ac3187b10 code [0x0000024ac3187ce0, 0x0000024ac3187e38]
Event: 56.220 Thread 0x0000024ad93dcb90 nmethod 8719 0x0000024acaf79790 code [0x0000024acaf79920, 0x0000024acaf7a480]
Event: 56.253 Thread 0x0000024ad93de8a0 8728 %     3       com.sun.javafx.image.impl.BaseByteToByteConverter$FourByteReorderer::doConvert @ 27 (138 bytes)
Event: 56.254 Thread 0x0000024ad93de8a0 nmethod 8728% 0x0000024ac35fdb10 code [0x0000024ac35fdce0, 0x0000024ac35fe2d8]
Event: 56.254 Thread 0x0000024ad93de8a0 8729       3       com.sun.javafx.image.impl.BaseByteToByteConverter$FourByteReorderer::doConvert (138 bytes)
Event: 56.254 Thread 0x0000024ad93de8a0 nmethod 8729 0x0000024ac3100c90 code [0x0000024ac3100e60, 0x0000024ac3101228]
Event: 56.254 Thread 0x0000024b24299bc0 8730 %     4       com.sun.javafx.image.impl.BaseByteToByteConverter$FourByteReorderer::doConvert @ 27 (138 bytes)
Event: 56.328 Thread 0x0000024ad93dcb90 8731       4       com.sun.prism.PixelFormat::getBytesPerPixelUnit (13 bytes)
Event: 56.329 Thread 0x0000024ad93dcb90 nmethod 8731 0x0000024acabba890 code [0x0000024acabbaa20, 0x0000024acabbaac8]
Event: 56.332 Thread 0x0000024ad93de8a0 8732       3       java.io.SequenceInputStream::peekNextStream (49 bytes)
Event: 56.333 Thread 0x0000024ad93de8a0 nmethod 8732 0x0000024ac32e5b10 code [0x0000024ac32e5d00, 0x0000024ac32e6280]

GC Heap History (20 events):
Event: 55.069 GC heap after
{Heap after GC invocations=19 (full 0):
 garbage-first heap   total 110592K, used 72282K [0x0000000722400000, 0x0000000800000000)
  region size 2048K, 2 young (4096K), 2 survivors (4096K)
 Metaspace       used 33350K, committed 33984K, reserved 1114112K
  class space    used 4256K, committed 4544K, reserved 1048576K
}
Event: 55.140 GC heap before
{Heap before GC invocations=19 (full 0):
 garbage-first heap   total 110592K, used 90714K [0x0000000722400000, 0x0000000800000000)
  region size 2048K, 12 young (24576K), 2 survivors (4096K)
 Metaspace       used 33360K, committed 33984K, reserved 1114112K
  class space    used 4257K, committed 4544K, reserved 1048576K
}
Event: 55.149 GC heap after
{Heap after GC invocations=20 (full 0):
 garbage-first heap   total 155648K, used 81390K [0x0000000722400000, 0x0000000800000000)
  region size 2048K, 2 young (4096K), 2 survivors (4096K)
 Metaspace       used 33360K, committed 33984K, reserved 1114112K
  class space    used 4257K, committed 4544K, reserved 1048576K
}
Event: 55.313 GC heap before
{Heap before GC invocations=20 (full 0):
 garbage-first heap   total 155648K, used 120302K [0x0000000722400000, 0x0000000800000000)
  region size 2048K, 22 young (45056K), 2 survivors (4096K)
 Metaspace       used 33367K, committed 33984K, reserved 1114112K
  class space    used 4257K, committed 4544K, reserved 1048576K
}
Event: 55.328 GC heap after
{Heap after GC invocations=21 (full 0):
 garbage-first heap   total 155648K, used 105460K [0x0000000722400000, 0x0000000800000000)
  region size 2048K, 3 young (6144K), 3 survivors (6144K)
 Metaspace       used 33367K, committed 33984K, reserved 1114112K
  class space    used 4257K, committed 4544K, reserved 1048576K
}
Event: 55.488 GC heap before
{Heap before GC invocations=21 (full 0):
 garbage-first heap   total 155648K, used 123892K [0x0000000722400000, 0x0000000800000000)
  region size 2048K, 13 young (26624K), 3 survivors (6144K)
 Metaspace       used 33423K, committed 33984K, reserved 1114112K
  class space    used 4265K, committed 4544K, reserved 1048576K
}
Event: 55.495 GC heap after
{Heap after GC invocations=22 (full 0):
 garbage-first heap   total 155648K, used 114665K [0x0000000722400000, 0x0000000800000000)
  region size 2048K, 2 young (4096K), 2 survivors (4096K)
 Metaspace       used 33423K, committed 33984K, reserved 1114112K
  class space    used 4265K, committed 4544K, reserved 1048576K
}
Event: 55.541 GC heap before
{Heap before GC invocations=22 (full 0):
 garbage-first heap   total 155648K, used 129001K [0x0000000722400000, 0x0000000800000000)
  region size 2048K, 10 young (20480K), 2 survivors (4096K)
 Metaspace       used 33423K, committed 33984K, reserved 1114112K
  class space    used 4265K, committed 4544K, reserved 1048576K
}
Event: 55.545 GC heap after
{Heap after GC invocations=23 (full 0):
 garbage-first heap   total 155648K, used 123386K [0x0000000722400000, 0x0000000800000000)
  region size 2048K, 2 young (4096K), 2 survivors (4096K)
 Metaspace       used 33423K, committed 33984K, reserved 1114112K
  class space    used 4265K, committed 4544K, reserved 1048576K
}
Event: 55.565 GC heap before
{Heap before GC invocations=23 (full 0):
 garbage-first heap   total 155648K, used 131578K [0x0000000722400000, 0x0000000800000000)
  region size 2048K, 8 young (16384K), 2 survivors (4096K)
 Metaspace       used 33423K, committed 33984K, reserved 1114112K
  class space    used 4265K, committed 4544K, reserved 1048576K
}
Event: 55.570 GC heap after
{Heap after GC invocations=24 (full 0):
 garbage-first heap   total 292864K, used 131053K [0x0000000722400000, 0x0000000800000000)
  region size 2048K, 1 young (2048K), 1 survivors (2048K)
 Metaspace       used 33423K, committed 33984K, reserved 1114112K
  class space    used 4265K, committed 4544K, reserved 1048576K
}
Event: 55.844 GC heap before
{Heap before GC invocations=25 (full 0):
 garbage-first heap   total 292864K, used 202733K [0x0000000722400000, 0x0000000800000000)
  region size 2048K, 37 young (75776K), 1 survivors (2048K)
 Metaspace       used 33449K, committed 34048K, reserved 1114112K
  class space    used 4265K, committed 4544K, reserved 1048576K
}
Event: 55.862 GC heap after
{Heap after GC invocations=26 (full 0):
 garbage-first heap   total 292864K, used 171502K [0x0000000722400000, 0x0000000800000000)
  region size 2048K, 5 young (10240K), 5 survivors (10240K)
 Metaspace       used 33449K, committed 34048K, reserved 1114112K
  class space    used 4265K, committed 4544K, reserved 1048576K
}
Event: 56.001 GC heap before
{Heap before GC invocations=26 (full 0):
 garbage-first heap   total 292864K, used 218606K [0x0000000722400000, 0x0000000800000000)
  region size 2048K, 29 young (59392K), 5 survivors (10240K)
 Metaspace       used 33452K, committed 34048K, reserved 1114112K
  class space    used 4265K, committed 4544K, reserved 1048576K
}
Event: 56.014 GC heap after
{Heap after GC invocations=27 (full 0):
 garbage-first heap   total 292864K, used 180201K [0x0000000722400000, 0x0000000800000000)
  region size 2048K, 4 young (8192K), 4 survivors (8192K)
 Metaspace       used 33452K, committed 34048K, reserved 1114112K
  class space    used 4265K, committed 4544K, reserved 1048576K
}
Event: 56.152 GC heap before
{Heap before GC invocations=27 (full 0):
 garbage-first heap   total 292864K, used 227305K [0x0000000722400000, 0x0000000800000000)
  region size 2048K, 28 young (57344K), 4 survivors (8192K)
 Metaspace       used 33457K, committed 34048K, reserved 1114112K
  class space    used 4268K, committed 4544K, reserved 1048576K
}
Event: 56.164 GC heap after
{Heap after GC invocations=28 (full 0):
 garbage-first heap   total 292864K, used 201716K [0x0000000722400000, 0x0000000800000000)
  region size 2048K, 4 young (8192K), 4 survivors (8192K)
 Metaspace       used 33457K, committed 34048K, reserved 1114112K
  class space    used 4268K, committed 4544K, reserved 1048576K
}
Event: 56.297 GC heap before
{Heap before GC invocations=28 (full 0):
 garbage-first heap   total 292864K, used 236532K [0x0000000722400000, 0x0000000800000000)
  region size 2048K, 22 young (45056K), 4 survivors (8192K)
 Metaspace       used 33457K, committed 34048K, reserved 1114112K
  class space    used 4268K, committed 4544K, reserved 1048576K
}
Event: 56.310 GC heap after
{Heap after GC invocations=29 (full 0):
 garbage-first heap   total 292864K, used 227305K [0x0000000722400000, 0x0000000800000000)
  region size 2048K, 3 young (6144K), 3 survivors (6144K)
 Metaspace       used 33457K, committed 34048K, reserved 1114112K
  class space    used 4268K, committed 4544K, reserved 1048576K
}
Event: 56.378 GC heap before
{Heap before GC invocations=29 (full 0):
 garbage-first heap   total 292864K, used 249833K [0x0000000722400000, 0x0000000800000000)
  region size 2048K, 15 young (30720K), 3 survivors (6144K)
 Metaspace       used 33457K, committed 34048K, reserved 1114112K
  class space    used 4268K, committed 4544K, reserved 1048576K
}

Dll operation events (20 events):
Event: 0.630 Loaded shared library C:\Users\LENOVO\.openjfx\cache\17.0.2-ea\api-ms-win-crt-math-l1-1-0.dll
Event: 0.635 Loaded shared library C:\Users\LENOVO\.openjfx\cache\17.0.2-ea\api-ms-win-crt-multibyte-l1-1-0.dll
Event: 0.641 Loaded shared library C:\Users\LENOVO\.openjfx\cache\17.0.2-ea\api-ms-win-crt-private-l1-1-0.dll
Event: 0.645 Loaded shared library C:\Users\LENOVO\.openjfx\cache\17.0.2-ea\api-ms-win-crt-process-l1-1-0.dll
Event: 0.648 Loaded shared library C:\Users\LENOVO\.openjfx\cache\17.0.2-ea\api-ms-win-crt-runtime-l1-1-0.dll
Event: 0.653 Loaded shared library C:\Users\LENOVO\.openjfx\cache\17.0.2-ea\api-ms-win-crt-stdio-l1-1-0.dll
Event: 0.656 Loaded shared library C:\Users\LENOVO\.openjfx\cache\17.0.2-ea\api-ms-win-crt-string-l1-1-0.dll
Event: 0.662 Loaded shared library C:\Users\LENOVO\.openjfx\cache\17.0.2-ea\api-ms-win-crt-time-l1-1-0.dll
Event: 0.677 Loaded shared library C:\Users\LENOVO\.openjfx\cache\17.0.2-ea\api-ms-win-crt-utility-l1-1-0.dll
Event: 0.692 Loaded shared library C:\Users\LENOVO\.openjfx\cache\17.0.2-ea\ucrtbase.dll
Event: 0.698 Loaded shared library C:\Users\LENOVO\.openjfx\cache\17.0.2-ea\vcruntime140.dll
Event: 0.704 Loaded shared library C:\Users\LENOVO\.openjfx\cache\17.0.2-ea\vcruntime140_1.dll
Event: 0.714 Loaded shared library C:\Users\LENOVO\.openjfx\cache\17.0.2-ea\msvcp140.dll
Event: 0.760 Loaded shared library C:\Users\LENOVO\.openjfx\cache\17.0.2-ea\prism_d3d.dll
Event: 0.840 Loaded shared library C:\Users\LENOVO\.openjfx\cache\17.0.2-ea\glass.dll
Event: 1.081 Loaded shared library C:\Program Files\Eclipse Adoptium\jdk-21.0.11.10-hotspot\bin\jimage.dll
Event: 1.385 Loaded shared library C:\Program Files\Eclipse Adoptium\jdk-21.0.11.10-hotspot\bin\extnet.dll
Event: 1.672 Loaded shared library C:\Program Files\Eclipse Adoptium\jdk-21.0.11.10-hotspot\bin\sunmscapi.dll
Event: 2.245 Loaded shared library C:\Users\LENOVO\.openjfx\cache\17.0.2-ea\javafx_font.dll
Event: 51.040 Loaded shared library C:\Users\LENOVO\.openjfx\cache\17.0.2-ea\jfxwebkit.dll

Deoptimization events (20 events):
Event: 55.497 Thread 0x0000024b1f5e1f90 DEOPT PACKING pc=0x0000024ac3d6e23c sp=0x000000873d7fcf90
Event: 55.498 Thread 0x0000024b1f5e1f90 DEOPT UNPACKING pc=0x0000024aca664bc2 sp=0x000000873d7fc4e0 mode 0
Event: 55.524 Thread 0x0000024b1f5e1f90 DEOPT PACKING pc=0x0000024ac3d6e23c sp=0x000000873d7fce20
Event: 55.524 Thread 0x0000024b1f5e1f90 DEOPT UNPACKING pc=0x0000024aca664bc2 sp=0x000000873d7fc370 mode 0
Event: 55.552 Thread 0x0000024b1f5e1f90 DEOPT PACKING pc=0x0000024ac3d6e23c sp=0x000000873d7fce20
Event: 55.552 Thread 0x0000024b1f5e1f90 DEOPT UNPACKING pc=0x0000024aca664bc2 sp=0x000000873d7fc370 mode 0
Event: 55.876 Thread 0x0000024b1f740d90 Uncommon trap: trap_request=0xffffff45 fr.pc=0x0000024acad5cc68 relative=0x0000000000000268
Event: 55.876 Thread 0x0000024b1f740d90 Uncommon trap: reason=unstable_if action=reinterpret pc=0x0000024acad5cc68 method=java.io.SequenceInputStream.read()I @ 4 c2
Event: 55.876 Thread 0x0000024b1f740d90 DEOPT PACKING pc=0x0000024acad5cc68 sp=0x000000873dafdc50
Event: 55.876 Thread 0x0000024b1f740d90 DEOPT UNPACKING pc=0x0000024aca664422 sp=0x000000873dafdb50 mode 2
Event: 56.054 Thread 0x0000024b1f740d90 DEOPT PACKING pc=0x0000024ac350198b sp=0x000000873dafbe70
Event: 56.054 Thread 0x0000024b1f740d90 DEOPT UNPACKING pc=0x0000024aca664bc2 sp=0x000000873dafb2b8 mode 0
Event: 56.054 Thread 0x0000024b1f740d90 Uncommon trap: trap_request=0xffffff6e fr.pc=0x0000024acae018e8 relative=0x0000000000001208
Event: 56.054 Thread 0x0000024b1f740d90 Uncommon trap: reason=loop_limit_check action=maybe_recompile pc=0x0000024acae018e8 method=com.sun.javafx.image.impl.BaseByteToByteConverter$FourByteReorderer.doConvert([BII[BIIII)V @ 27 c2
Event: 56.054 Thread 0x0000024b1f740d90 DEOPT PACKING pc=0x0000024acae018e8 sp=0x000000873dafbe20
Event: 56.054 Thread 0x0000024b1f740d90 DEOPT UNPACKING pc=0x0000024aca664422 sp=0x000000873dafbdc8 mode 2
Event: 56.253 Thread 0x0000024b1f740d90 Uncommon trap: trap_request=0xffffff6e fr.pc=0x0000024acaf7a430 relative=0x0000000000000b10
Event: 56.253 Thread 0x0000024b1f740d90 Uncommon trap: reason=loop_limit_check action=maybe_recompile pc=0x0000024acaf7a430 method=com.sun.javafx.image.impl.BaseByteToByteConverter$FourByteReorderer.doConvert([BII[BIIII)V @ 21 c2
Event: 56.253 Thread 0x0000024b1f740d90 DEOPT PACKING pc=0x0000024acaf7a430 sp=0x000000873dafbe80
Event: 56.253 Thread 0x0000024b1f740d90 DEOPT UNPACKING pc=0x0000024aca664422 sp=0x000000873dafbdc0 mode 2

Classes loaded (20 events):
Event: 53.969 Loading class sun/net/www/MimeTable$DefaultInstanceHolder$1
Event: 53.969 Loading class sun/net/www/MimeTable$DefaultInstanceHolder$1 done
Event: 53.971 Loading class sun/net/www/MimeEntry
Event: 53.971 Loading class sun/net/www/MimeEntry done
Event: 53.976 Loading class sun/text/resources/cldr/FormatData_en
Event: 53.977 Loading class sun/text/resources/cldr/FormatData_en done
Event: 53.977 Loading class sun/text/resources/cldr/FormatData_en_US
Event: 53.977 Loading class sun/text/resources/cldr/FormatData_en_US done
Event: 53.977 Loading class sun/text/resources/cldr/FormatData_en_US
Event: 53.977 Loading class sun/text/resources/cldr/FormatData_en_US done
Event: 53.977 Loading class sun/text/resources/cldr/FormatData_en_US
Event: 53.977 Loading class sun/text/resources/cldr/FormatData_en_US done
Event: 53.977 Loading class sun/text/resources/cldr/FormatData_en_US
Event: 53.977 Loading class sun/text/resources/cldr/FormatData_en_US done
Event: 53.994 Loading class java/util/concurrent/Semaphore
Event: 53.994 Loading class java/util/concurrent/Semaphore done
Event: 53.994 Loading class java/util/concurrent/Semaphore$NonfairSync
Event: 53.994 Loading class java/util/concurrent/Semaphore$Sync
Event: 53.995 Loading class java/util/concurrent/Semaphore$Sync done
Event: 53.995 Loading class java/util/concurrent/Semaphore$NonfairSync done

Classes unloaded (20 events):
Event: 54.975 Thread 0x0000024ad93afff0 Unloading class 0x0000024adb451c00 'java/lang/invoke/LambdaForm$MH+0x0000024adb451c00'
Event: 54.975 Thread 0x0000024ad93afff0 Unloading class 0x0000024adb451800 'java/lang/invoke/LambdaForm$MH+0x0000024adb451800'
Event: 54.975 Thread 0x0000024ad93afff0 Unloading class 0x0000024adb451400 'java/lang/invoke/LambdaForm$MH+0x0000024adb451400'
Event: 54.975 Thread 0x0000024ad93afff0 Unloading class 0x0000024adb450c00 'java/lang/invoke/LambdaForm$MH+0x0000024adb450c00'
Event: 54.975 Thread 0x0000024ad93afff0 Unloading class 0x0000024adb450800 'java/lang/invoke/LambdaForm$MH+0x0000024adb450800'
Event: 54.975 Thread 0x0000024ad93afff0 Unloading class 0x0000024adb450400 'java/lang/invoke/LambdaForm$MH+0x0000024adb450400'
Event: 54.975 Thread 0x0000024ad93afff0 Unloading class 0x0000024adb450000 'java/lang/invoke/LambdaForm$DMH+0x0000024adb450000'
Event: 54.975 Thread 0x0000024ad93afff0 Unloading class 0x0000024adb44fc00 'java/lang/invoke/LambdaForm$DMH+0x0000024adb44fc00'
Event: 54.975 Thread 0x0000024ad93afff0 Unloading class 0x0000024adb44f800 'java/lang/invoke/LambdaForm$DMH+0x0000024adb44f800'
Event: 54.975 Thread 0x0000024ad93afff0 Unloading class 0x0000024adb44f400 'java/lang/invoke/LambdaForm$DMH+0x0000024adb44f400'
Event: 54.975 Thread 0x0000024ad93afff0 Unloading class 0x0000024adb44f000 'java/lang/invoke/LambdaForm$DMH+0x0000024adb44f000'
Event: 54.975 Thread 0x0000024ad93afff0 Unloading class 0x0000024adb44ec00 'java/lang/invoke/LambdaForm$DMH+0x0000024adb44ec00'
Event: 54.975 Thread 0x0000024ad93afff0 Unloading class 0x0000024adb44e400 'java/lang/invoke/LambdaForm$DMH+0x0000024adb44e400'
Event: 54.975 Thread 0x0000024ad93afff0 Unloading class 0x0000024adb44e000 'java/lang/invoke/LambdaForm$DMH+0x0000024adb44e000'
Event: 54.975 Thread 0x0000024ad93afff0 Unloading class 0x0000024adb44d800 'java/lang/invoke/LambdaForm$DMH+0x0000024adb44d800'
Event: 54.975 Thread 0x0000024ad93afff0 Unloading class 0x0000024adb44dc00 'java/lang/invoke/LambdaForm$DMH+0x0000024adb44dc00'
Event: 54.975 Thread 0x0000024ad93afff0 Unloading class 0x0000024adb44d000 'java/lang/invoke/LambdaForm$DMH+0x0000024adb44d000'
Event: 54.975 Thread 0x0000024ad93afff0 Unloading class 0x0000024adb44cc00 'java/lang/invoke/LambdaForm$DMH+0x0000024adb44cc00'
Event: 54.975 Thread 0x0000024ad93afff0 Unloading class 0x0000024adb44c800 'java/lang/invoke/LambdaForm$DMH+0x0000024adb44c800'
Event: 54.975 Thread 0x0000024ad93afff0 Unloading class 0x0000024adb44c400 'java/lang/invoke/LambdaForm$DMH+0x0000024adb44c400'

Classes redefined (0 events):
No events

Internal exceptions (20 events):
Event: 53.992 Thread 0x0000024b24f5c1c0 Exception <a 'java/lang/NoSuchMethodError'{0x000000072c0fa080}: 'java.lang.Object java.lang.invoke.DirectMethodHandle$Holder.invokeSpecial(java.lang.Object, java.lang.Object, java.lang.Object, int, java.lang.Object, java.lang.Object, long, java.lang.Object, java.lang.Object)'> (0x000000072c0fa080) 
thrown [s\src\hotspot\share\interpreter\linkResolver.cpp, line 773]
Event: 53.992 Thread 0x0000024b24f59a60 Exception <a 'java/lang/NoSuchMethodError'{0x000000072c0bc948}: 'java.lang.Object java.lang.invoke.Invokers$Holder.linkToTargetMethod(java.lang.Object, int, java.lang.Object, java.lang.Object, long, java.lang.Object, java.lang.Object, java.lang.Object)'> (0x000000072c0bc948) 
thrown [s\src\hotspot\share\interpreter\linkResolver.cpp, line 773]
Event: 53.992 Thread 0x0000024b24f5ae10 Exception <a 'java/lang/NoSuchMethodError'{0x000000072c081a20}: 'java.lang.Object java.lang.invoke.Invokers$Holder.linkToTargetMethod(java.lang.Object, int, java.lang.Object, java.lang.Object, long, java.lang.Object, java.lang.Object, java.lang.Object)'> (0x000000072c081a20) 
thrown [s\src\hotspot\share\interpreter\linkResolver.cpp, line 773]
Event: 53.992 Thread 0x0000024b24f5cee0 Exception <a 'java/lang/NoSuchMethodError'{0x000000072c0a1998}: 'java.lang.Object java.lang.invoke.Invokers$Holder.linkToTargetMethod(java.lang.Object, int, java.lang.Object, java.lang.Object, long, java.lang.Object, java.lang.Object, java.lang.Object)'> (0x000000072c0a1998) 
thrown [s\src\hotspot\share\interpreter\linkResolver.cpp, line 773]
Event: 53.993 Thread 0x0000024b24f5fcd0 Exception <a 'java/lang/NoSuchMethodError'{0x000000072c0f0a40}: 'java.lang.Object java.lang.invoke.Invokers$Holder.linkToTargetMethod(java.lang.Object, int, java.lang.Object, java.lang.Object, long, java.lang.Object, java.lang.Object, java.lang.Object)'> (0x000000072c0f0a40) 
thrown [s\src\hotspot\share\interpreter\linkResolver.cpp, line 773]
Event: 53.993 Thread 0x0000024b24f609f0 Exception <a 'java/lang/NoSuchMethodError'{0x000000072c0e4760}: 'java.lang.Object java.lang.invoke.Invokers$Holder.linkToTargetMethod(java.lang.Object, int, java.lang.Object, java.lang.Object, long, java.lang.Object, java.lang.Object, java.lang.Object)'> (0x000000072c0e4760) 
thrown [s\src\hotspot\share\interpreter\linkResolver.cpp, line 773]
Event: 53.993 Thread 0x0000024b24f5c1c0 Exception <a 'java/lang/NoSuchMethodError'{0x000000072c0fd5b8}: 'java.lang.Object java.lang.invoke.Invokers$Holder.linkToTargetMethod(java.lang.Object, int, java.lang.Object, java.lang.Object, long, java.lang.Object, java.lang.Object, java.lang.Object)'> (0x000000072c0fd5b8) 
thrown [s\src\hotspot\share\interpreter\linkResolver.cpp, line 773]
Event: 54.049 Thread 0x0000024b1f5e1f90 Implicit null exception at 0x0000024acae43d6a to 0x0000024acae43df8
Event: 54.049 Thread 0x0000024b1f5e1f90 Implicit null exception at 0x0000024acae44eba to 0x0000024acae44f4c
Event: 54.065 Thread 0x0000024b1f740d90 Exception <a 'java/io/FileNotFoundException'{0x000000072be972f0}> (0x000000072be972f0) 
thrown [s\src\hotspot\share\prims\jni.cpp, line 520]
Event: 54.066 Thread 0x0000024b1f740d90 Exception <a 'java/io/FileNotFoundException'{0x000000072be98110}> (0x000000072be98110) 
thrown [s\src\hotspot\share\prims\jni.cpp, line 520]
Event: 54.067 Thread 0x0000024b1f740d90 Exception <a 'java/io/FileNotFoundException'{0x000000072be98f18}> (0x000000072be98f18) 
thrown [s\src\hotspot\share\prims\jni.cpp, line 520]
Event: 54.067 Thread 0x0000024b1f740d90 Exception <a 'java/io/FileNotFoundException'{0x000000072be99d30}> (0x000000072be99d30) 
thrown [s\src\hotspot\share\prims\jni.cpp, line 520]
Event: 54.067 Thread 0x0000024b1f740d90 Exception <a 'java/io/FileNotFoundException'{0x000000072be9abf0}> (0x000000072be9abf0) 
thrown [s\src\hotspot\share\prims\jni.cpp, line 520]
Event: 54.067 Thread 0x0000024b1f740d90 Exception <a 'java/io/FileNotFoundException'{0x000000072be9bbd0}> (0x000000072be9bbd0) 
thrown [s\src\hotspot\share\prims\jni.cpp, line 520]
Event: 54.068 Thread 0x0000024b1f740d90 Exception <a 'java/io/FileNotFoundException'{0x000000072be9cb70}> (0x000000072be9cb70) 
thrown [s\src\hotspot\share\prims\jni.cpp, line 520]
Event: 54.068 Thread 0x0000024b1f5e1f90 Implicit null exception at 0x0000024acaeccde6 to 0x0000024acaece8e4
Event: 54.287 Thread 0x0000024b1f5e1f90 Implicit null exception at 0x0000024acae474eb to 0x0000024acae49a18
Event: 54.686 Thread 0x0000024b1f5e1f90 Implicit null exception at 0x0000024acae0c9de to 0x0000024acae0ca50
Event: 54.870 Thread 0x0000024b1f740d90 Exception <a 'java/lang/NoSuchMethodError'{0x00000007275c4018}: 'void java.lang.invoke.DirectMethodHandle$Holder.invokeStaticInit(java.lang.Object, java.lang.Object, java.lang.Object)'> (0x00000007275c4018) 
thrown [s\src\hotspot\share\interpreter\linkResolver.cpp, line 773]

ZGC Phase Switch (0 events):
No events

VM Operations (20 events):
Event: 55.496 Executing safepoint VM operation: G1CollectForAllocation (G1 Evacuation Pause) done
Event: 55.541 Executing safepoint VM operation: G1CollectForAllocation (G1 Evacuation Pause)
Event: 55.545 Executing safepoint VM operation: G1CollectForAllocation (G1 Evacuation Pause) done
Event: 55.564 Executing safepoint VM operation: G1CollectForAllocation (G1 Evacuation Pause)
Event: 55.564 Executing safepoint VM operation: G1CollectForAllocation (G1 Evacuation Pause) done
Event: 55.565 Executing safepoint VM operation: G1CollectForAllocation (GCLocker Initiated GC)
Event: 55.570 Executing safepoint VM operation: G1CollectForAllocation (GCLocker Initiated GC) done
Event: 55.603 Executing safepoint VM operation: G1PauseRemark
Event: 55.617 Executing safepoint VM operation: G1PauseRemark done
Event: 55.634 Executing safepoint VM operation: G1PauseCleanup
Event: 55.635 Executing safepoint VM operation: G1PauseCleanup done
Event: 55.843 Executing safepoint VM operation: G1CollectForAllocation (G1 Evacuation Pause)
Event: 55.862 Executing safepoint VM operation: G1CollectForAllocation (G1 Evacuation Pause) done
Event: 56.001 Executing safepoint VM operation: G1CollectForAllocation (G1 Evacuation Pause)
Event: 56.014 Executing safepoint VM operation: G1CollectForAllocation (G1 Evacuation Pause) done
Event: 56.152 Executing safepoint VM operation: G1CollectForAllocation (G1 Evacuation Pause)
Event: 56.164 Executing safepoint VM operation: G1CollectForAllocation (G1 Evacuation Pause) done
Event: 56.296 Executing safepoint VM operation: G1CollectForAllocation (G1 Evacuation Pause)
Event: 56.310 Executing safepoint VM operation: G1CollectForAllocation (G1 Evacuation Pause) done
Event: 56.378 Executing safepoint VM operation: G1CollectForAllocation (G1 Evacuation Pause)

Memory protections (0 events):
No events

Nmethod flushes (20 events):
Event: 55.614 Thread 0x0000024ad93afff0 flushing  nmethod 0x0000024ac3d59c10
Event: 55.614 Thread 0x0000024ad93afff0 flushing  nmethod 0x0000024ac3d63290
Event: 55.614 Thread 0x0000024ad93afff0 flushing  nmethod 0x0000024ac3d63910
Event: 55.614 Thread 0x0000024ad93afff0 flushing  nmethod 0x0000024ac3d67290
Event: 55.614 Thread 0x0000024ad93afff0 flushing  nmethod 0x0000024ac3da8210
Event: 55.614 Thread 0x0000024ad93afff0 flushing  nmethod 0x0000024ac3ded890
Event: 55.614 Thread 0x0000024ad93afff0 flushing  nmethod 0x0000024ac3def290
Event: 55.614 Thread 0x0000024ad93afff0 flushing  nmethod 0x0000024ac3def910
Event: 55.614 Thread 0x0000024ad93afff0 flushing  nmethod 0x0000024ac3df2090
Event: 55.614 Thread 0x0000024ad93afff0 flushing  nmethod 0x0000024ac3df2410
Event: 55.614 Thread 0x0000024ad93afff0 flushing  nmethod 0x0000024ac3e45d90
Event: 55.614 Thread 0x0000024ad93afff0 flushing  nmethod 0x0000024ac3e4a490
Event: 55.614 Thread 0x0000024ad93afff0 flushing  nmethod 0x0000024ac3e4a790
Event: 55.614 Thread 0x0000024ad93afff0 flushing  nmethod 0x0000024ac3e50690
Event: 55.614 Thread 0x0000024ad93afff0 flushing  nmethod 0x0000024ac3e59010
Event: 55.614 Thread 0x0000024ad93afff0 flushing  nmethod 0x0000024ac3eae090
Event: 55.614 Thread 0x0000024ad93afff0 flushing  nmethod 0x0000024ac3eaed90
Event: 55.614 Thread 0x0000024ad93afff0 flushing  nmethod 0x0000024ac3eafa90
Event: 55.614 Thread 0x0000024ad93afff0 flushing  nmethod 0x0000024ac3ebae90
Event: 55.614 Thread 0x0000024ad93afff0 flushing  nmethod 0x0000024ac3ec3790

Events (20 events):
Event: 56.028 Thread 0x0000024b7c9afde0 Thread exited: 0x0000024b7c9afde0
Event: 56.040 Thread 0x0000024b7c9af750 Thread exited: 0x0000024b7c9af750
Event: 56.053 Thread 0x0000024b1f740d90 Thread added: 0x0000024b7911c830
Event: 56.071 Thread 0x0000024b7911bb10 Thread added: 0x0000024b7911bb10
Event: 56.087 Thread 0x0000024b27ebb880 Thread exited: 0x0000024b27ebb880
Event: 56.087 Thread 0x0000024b7bfb5d60 Thread exited: 0x0000024b7bfb5d60
Event: 56.099 Thread 0x0000024b7c9af0c0 Thread exited: 0x0000024b7c9af0c0
Event: 56.099 Thread 0x0000024b7c9b1eb0 Thread exited: 0x0000024b7c9b1eb0
Event: 56.102 Thread 0x0000024b7bfb7e30 Thread exited: 0x0000024b7bfb7e30
Event: 56.102 Thread 0x0000024b7bfb84c0 Thread exited: 0x0000024b7bfb84c0
Event: 56.108 Thread 0x0000024b791193b0 Thread added: 0x0000024b791193b0
Event: 56.112 Thread 0x0000024b7c9b0470 Thread exited: 0x0000024b7c9b0470
Event: 56.139 Thread 0x0000024b7911e900 Thread added: 0x0000024b7911e900
Event: 56.180 Thread 0x0000024b1f740d90 Thread added: 0x0000024b7911fcb0
Event: 56.226 Thread 0x0000024b7911d550 Thread added: 0x0000024b7911d550
Event: 56.258 Thread 0x0000024b7911dbe0 Thread added: 0x0000024b7911dbe0
Event: 56.288 Thread 0x0000024b7911e270 Thread added: 0x0000024b7911e270
Event: 56.332 Thread 0x0000024b7911ef90 Thread added: 0x0000024b7911ef90
Event: 56.355 Thread 0x0000024b7911f620 Thread added: 0x0000024b7911f620
Event: 56.377 Thread 0x0000024b79120340 Thread added: 0x0000024b79120340


Dynamic libraries:
0x00007ff764b30000 - 0x00007ff764b3e000 	C:\Program Files\Eclipse Adoptium\jdk-21.0.11.10-hotspot\bin\java.exe
0x00007ffa10a40000 - 0x00007ffa10ca7000 	C:\WINDOWS\SYSTEM32\ntdll.dll
0x00007ffa0f2b0000 - 0x00007ffa0f379000 	C:\WINDOWS\System32\KERNEL32.DLL
0x00007ffa0e260000 - 0x00007ffa0e654000 	C:\WINDOWS\System32\KERNELBASE.dll
0x00007ffa0d640000 - 0x00007ffa0d78b000 	C:\WINDOWS\System32\ucrtbase.dll
0x00007ff9f25a0000 - 0x00007ff9f25be000 	C:\Program Files\Eclipse Adoptium\jdk-21.0.11.10-hotspot\bin\VCRUNTIME140.dll
0x00007ff9f25c0000 - 0x00007ff9f25d8000 	C:\Program Files\Eclipse Adoptium\jdk-21.0.11.10-hotspot\bin\jli.dll
0x00007ffa0ed90000 - 0x00007ffa0ef55000 	C:\WINDOWS\System32\USER32.dll
0x00007ffa0e0b0000 - 0x00007ffa0e0d7000 	C:\WINDOWS\System32\win32u.dll
0x00007ffa109d0000 - 0x00007ffa109fb000 	C:\WINDOWS\System32\GDI32.dll
0x00007ffa0d310000 - 0x00007ffa0d43b000 	C:\WINDOWS\System32\gdi32full.dll
0x00007ffa0e660000 - 0x00007ffa0e703000 	C:\WINDOWS\System32\msvcp_win.dll
0x00007ff9fca00000 - 0x00007ff9fcc93000 	C:\WINDOWS\WinSxS\amd64_microsoft.windows.common-controls_6595b64144ccf1df_6.0.26100.8115_none_3e075c82e3354f9c\COMCTL32.dll
0x00007ffa0fa60000 - 0x00007ffa0fb09000 	C:\WINDOWS\System32\msvcrt.dll
0x00007ffa0e8f0000 - 0x00007ffa0e922000 	C:\WINDOWS\System32\IMM32.DLL
0x00007ff9f7bc0000 - 0x00007ff9f7bcc000 	C:\Program Files\Eclipse Adoptium\jdk-21.0.11.10-hotspot\bin\vcruntime140_1.dll
0x00007ff94f7d0000 - 0x00007ff94f85d000 	C:\Program Files\Eclipse Adoptium\jdk-21.0.11.10-hotspot\bin\msvcp140.dll
0x00007ff8e67e0000 - 0x00007ff8e7582000 	C:\Program Files\Eclipse Adoptium\jdk-21.0.11.10-hotspot\bin\server\jvm.dll
0x00007ffa0fba0000 - 0x00007ffa0fc56000 	C:\WINDOWS\System32\ADVAPI32.dll
0x00007ffa0f0b0000 - 0x00007ffa0f157000 	C:\WINDOWS\System32\sechost.dll
0x00007ffa0ec60000 - 0x00007ffa0ed78000 	C:\WINDOWS\System32\RPCRT4.dll
0x00007ffa0e7d0000 - 0x00007ffa0e850000 	C:\WINDOWS\System32\WS2_32.dll
0x00007ffa0d190000 - 0x00007ffa0d1ee000 	C:\WINDOWS\SYSTEM32\POWRPROF.dll
0x00007ffa06640000 - 0x00007ffa06676000 	C:\WINDOWS\SYSTEM32\WINMM.dll
0x00007ffa07210000 - 0x00007ffa0721b000 	C:\WINDOWS\SYSTEM32\VERSION.dll
0x00007ffa0d170000 - 0x00007ffa0d184000 	C:\WINDOWS\SYSTEM32\UMPDC.dll
0x00007ffa0c070000 - 0x00007ffa0c08b000 	C:\WINDOWS\SYSTEM32\kernel.appcore.dll
0x00007ff9f2590000 - 0x00007ff9f259a000 	C:\Program Files\Eclipse Adoptium\jdk-21.0.11.10-hotspot\bin\jimage.dll
0x00007ffa0b2f0000 - 0x00007ffa0b532000 	C:\WINDOWS\SYSTEM32\DBGHELP.DLL
0x00007ffa0f3b0000 - 0x00007ffa0f732000 	C:\WINDOWS\System32\combase.dll
0x00007ffa0eb80000 - 0x00007ffa0ec58000 	C:\WINDOWS\System32\OLEAUT32.dll
0x00007ff9f3c20000 - 0x00007ff9f3c5b000 	C:\WINDOWS\SYSTEM32\dbgcore.DLL
0x00007ffa0e000000 - 0x00007ffa0e0a5000 	C:\WINDOWS\System32\bcryptPrimitives.dll
0x00007ff98ef70000 - 0x00007ff98ef90000 	C:\Program Files\Eclipse Adoptium\jdk-21.0.11.10-hotspot\bin\java.dll
0x00007ffa10100000 - 0x00007ffa10867000 	C:\WINDOWS\System32\SHELL32.dll
0x00007ffa0d4d0000 - 0x00007ffa0d63a000 	C:\WINDOWS\System32\wintypes.dll
0x00007ffa0d790000 - 0x00007ffa0dff8000 	C:\WINDOWS\System32\windows.storage.dll
0x00007ffa0f160000 - 0x00007ffa0f258000 	C:\WINDOWS\System32\SHCORE.dll
0x00007ffa0e860000 - 0x00007ffa0e8c6000 	C:\WINDOWS\System32\shlwapi.dll
0x00007ffa0d230000 - 0x00007ffa0d259000 	C:\WINDOWS\SYSTEM32\profapi.dll
0x00007ff91b7a0000 - 0x00007ff91b877000 	C:\Program Files\Eclipse Adoptium\jdk-21.0.11.10-hotspot\bin\jsvml.dll
0x00007ff9f2580000 - 0x00007ff9f2590000 	C:\Program Files\Eclipse Adoptium\jdk-21.0.11.10-hotspot\bin\net.dll
0x00007ffa062d0000 - 0x00007ffa063fd000 	C:\WINDOWS\SYSTEM32\WINHTTP.dll
0x00007ffa0c680000 - 0x00007ffa0c6ec000 	C:\WINDOWS\system32\mswsock.dll
0x00007ff98ef50000 - 0x00007ff98ef66000 	C:\Program Files\Eclipse Adoptium\jdk-21.0.11.10-hotspot\bin\nio.dll
0x00007ff98d3e0000 - 0x00007ff98d3f8000 	C:\Program Files\Eclipse Adoptium\jdk-21.0.11.10-hotspot\bin\zip.dll
0x0000024ab8c00000 - 0x0000024ab8c03000 	C:\Users\LENOVO\.openjfx\cache\17.0.2-ea\api-ms-win-core-console-l1-1-0.dll
0x0000024ab8c10000 - 0x0000024ab8c13000 	C:\Users\LENOVO\.openjfx\cache\17.0.2-ea\api-ms-win-core-console-l1-2-0.dll
0x0000024aba930000 - 0x0000024aba933000 	C:\Users\LENOVO\.openjfx\cache\17.0.2-ea\api-ms-win-core-datetime-l1-1-0.dll
0x0000024aba940000 - 0x0000024aba943000 	C:\Users\LENOVO\.openjfx\cache\17.0.2-ea\api-ms-win-core-debug-l1-1-0.dll
0x0000024aba950000 - 0x0000024aba953000 	C:\Users\LENOVO\.openjfx\cache\17.0.2-ea\api-ms-win-core-errorhandling-l1-1-0.dll
0x0000024aba960000 - 0x0000024aba964000 	C:\Users\LENOVO\.openjfx\cache\17.0.2-ea\api-ms-win-core-file-l1-1-0.dll
0x0000024aba970000 - 0x0000024aba973000 	C:\Users\LENOVO\.openjfx\cache\17.0.2-ea\api-ms-win-core-file-l1-2-0.dll
0x0000024ad9c20000 - 0x0000024ad9c23000 	C:\Users\LENOVO\.openjfx\cache\17.0.2-ea\api-ms-win-core-file-l2-1-0.dll
0x0000024ad9c30000 - 0x0000024ad9c33000 	C:\Users\LENOVO\.openjfx\cache\17.0.2-ea\api-ms-win-core-handle-l1-1-0.dll
0x0000024ad9c40000 - 0x0000024ad9c43000 	C:\Users\LENOVO\.openjfx\cache\17.0.2-ea\api-ms-win-core-heap-l1-1-0.dll
0x0000024ad9c50000 - 0x0000024ad9c53000 	C:\Users\LENOVO\.openjfx\cache\17.0.2-ea\api-ms-win-core-interlocked-l1-1-0.dll
0x0000024ad9c60000 - 0x0000024ad9c63000 	C:\Users\LENOVO\.openjfx\cache\17.0.2-ea\api-ms-win-core-libraryloader-l1-1-0.dll
0x0000024ad9c70000 - 0x0000024ad9c73000 	C:\Users\LENOVO\.openjfx\cache\17.0.2-ea\api-ms-win-core-localization-l1-2-0.dll
0x0000024ad9c80000 - 0x0000024ad9c83000 	C:\Users\LENOVO\.openjfx\cache\17.0.2-ea\api-ms-win-core-memory-l1-1-0.dll
0x0000024ad9c90000 - 0x0000024ad9c93000 	C:\Users\LENOVO\.openjfx\cache\17.0.2-ea\api-ms-win-core-namedpipe-l1-1-0.dll
0x0000024ad9ca0000 - 0x0000024ad9ca3000 	C:\Users\LENOVO\.openjfx\cache\17.0.2-ea\api-ms-win-core-processenvironment-l1-1-0.dll
0x0000024ad9cb0000 - 0x0000024ad9cb3000 	C:\Users\LENOVO\.openjfx\cache\17.0.2-ea\api-ms-win-core-processthreads-l1-1-0.dll
0x0000024ad9cc0000 - 0x0000024ad9cc3000 	C:\Users\LENOVO\.openjfx\cache\17.0.2-ea\api-ms-win-core-processthreads-l1-1-1.dll
0x0000024ad9cd0000 - 0x0000024ad9cd3000 	C:\Users\LENOVO\.openjfx\cache\17.0.2-ea\api-ms-win-core-profile-l1-1-0.dll
0x0000024ad9ce0000 - 0x0000024ad9ce3000 	C:\Users\LENOVO\.openjfx\cache\17.0.2-ea\api-ms-win-core-rtlsupport-l1-1-0.dll
0x0000024ad9cf0000 - 0x0000024ad9cf3000 	C:\Users\LENOVO\.openjfx\cache\17.0.2-ea\api-ms-win-core-string-l1-1-0.dll
0x0000024ad9d00000 - 0x0000024ad9d03000 	C:\Users\LENOVO\.openjfx\cache\17.0.2-ea\api-ms-win-core-synch-l1-1-0.dll
0x0000024ad9d10000 - 0x0000024ad9d13000 	C:\Users\LENOVO\.openjfx\cache\17.0.2-ea\api-ms-win-core-synch-l1-2-0.dll
0x0000024ad9d20000 - 0x0000024ad9d23000 	C:\Users\LENOVO\.openjfx\cache\17.0.2-ea\api-ms-win-core-sysinfo-l1-1-0.dll
0x0000024ad9d30000 - 0x0000024ad9d33000 	C:\Users\LENOVO\.openjfx\cache\17.0.2-ea\api-ms-win-core-timezone-l1-1-0.dll
0x0000024ad9d40000 - 0x0000024ad9d43000 	C:\Users\LENOVO\.openjfx\cache\17.0.2-ea\api-ms-win-core-util-l1-1-0.dll
0x0000024ad9d50000 - 0x0000024ad9d53000 	C:\Users\LENOVO\.openjfx\cache\17.0.2-ea\api-ms-win-crt-conio-l1-1-0.dll
0x0000024ad9d60000 - 0x0000024ad9d64000 	C:\Users\LENOVO\.openjfx\cache\17.0.2-ea\api-ms-win-crt-convert-l1-1-0.dll
0x0000024ad9d70000 - 0x0000024ad9d73000 	C:\Users\LENOVO\.openjfx\cache\17.0.2-ea\api-ms-win-crt-environment-l1-1-0.dll
0x0000024ad9d80000 - 0x0000024ad9d83000 	C:\Users\LENOVO\.openjfx\cache\17.0.2-ea\api-ms-win-crt-filesystem-l1-1-0.dll
0x0000024ad9d90000 - 0x0000024ad9d93000 	C:\Users\LENOVO\.openjfx\cache\17.0.2-ea\api-ms-win-crt-heap-l1-1-0.dll
0x0000024ad9da0000 - 0x0000024ad9da3000 	C:\Users\LENOVO\.openjfx\cache\17.0.2-ea\api-ms-win-crt-locale-l1-1-0.dll
0x0000024ad9db0000 - 0x0000024ad9db5000 	C:\Users\LENOVO\.openjfx\cache\17.0.2-ea\api-ms-win-crt-math-l1-1-0.dll
0x0000024ad9dc0000 - 0x0000024ad9dc5000 	C:\Users\LENOVO\.openjfx\cache\17.0.2-ea\api-ms-win-crt-multibyte-l1-1-0.dll
0x0000024ad9dd0000 - 0x0000024ad9de0000 	C:\Users\LENOVO\.openjfx\cache\17.0.2-ea\api-ms-win-crt-private-l1-1-0.dll
0x0000024ad9de0000 - 0x0000024ad9de3000 	C:\Users\LENOVO\.openjfx\cache\17.0.2-ea\api-ms-win-crt-process-l1-1-0.dll
0x0000024ad9df0000 - 0x0000024ad9df4000 	C:\Users\LENOVO\.openjfx\cache\17.0.2-ea\api-ms-win-crt-runtime-l1-1-0.dll
0x0000024ad9e00000 - 0x0000024ad9e04000 	C:\Users\LENOVO\.openjfx\cache\17.0.2-ea\api-ms-win-crt-stdio-l1-1-0.dll
0x0000024ad9e10000 - 0x0000024ad9e14000 	C:\Users\LENOVO\.openjfx\cache\17.0.2-ea\api-ms-win-crt-string-l1-1-0.dll
0x0000024ad9e20000 - 0x0000024ad9e23000 	C:\Users\LENOVO\.openjfx\cache\17.0.2-ea\api-ms-win-crt-time-l1-1-0.dll
0x0000024ad9e30000 - 0x0000024ad9e33000 	C:\Users\LENOVO\.openjfx\cache\17.0.2-ea\api-ms-win-crt-utility-l1-1-0.dll
0x00007ff9054e0000 - 0x00007ff9055dc000 	C:\Users\LENOVO\.openjfx\cache\17.0.2-ea\ucrtbase.dll
0x00007ff9e3ec0000 - 0x00007ff9e3eda000 	C:\Users\LENOVO\.openjfx\cache\17.0.2-ea\vcruntime140.dll
0x00007ff9e3eb0000 - 0x00007ff9e3ebc000 	C:\Users\LENOVO\.openjfx\cache\17.0.2-ea\vcruntime140_1.dll
0x00007ff91b6d0000 - 0x00007ff91b75d000 	C:\Users\LENOVO\.openjfx\cache\17.0.2-ea\msvcp140.dll
0x00007ff9e3e80000 - 0x00007ff9e3eaa000 	C:\Users\LENOVO\.openjfx\cache\17.0.2-ea\prism_d3d.dll
0x00007ff9b7f70000 - 0x00007ff9b8122000 	C:\WINDOWS\system32\d3d9.dll
0x00007ffa0acc0000 - 0x00007ffa0acef000 	C:\WINDOWS\SYSTEM32\dwmapi.dll
0x00007ffa0ab00000 - 0x00007ffa0ab43000 	C:\WINDOWS\SYSTEM32\dxcore.dll
0x00007ffa0aa00000 - 0x00007ffa0aaa9000 	C:\WINDOWS\system32\uxtheme.dll
0x00007ffa06110000 - 0x00007ffa062cb000 	C:\WINDOWS\System32\DriverStore\FileRepository\u0417253.inf_amd64_a9b363c4f94f001d\B417132\aticfx64.dll
0x00007ff9459c0000 - 0x00007ff9459f4000 	C:\WINDOWS\System32\DriverStore\FileRepository\u0417253.inf_amd64_a9b363c4f94f001d\B417132\atiu9p64.dll
0x00007ff8e4170000 - 0x00007ff8e4eb7000 	C:\WINDOWS\System32\DriverStore\FileRepository\u0417253.inf_amd64_a9b363c4f94f001d\B417132\atiumd64.dll
0x00007ffa0f8c0000 - 0x00007ffa0fa57000 	C:\WINDOWS\System32\ole32.dll
0x0000000055b00000 - 0x0000000056a13000 	C:\WINDOWS\System32\DriverStore\FileRepository\u0417253.inf_amd64_a9b363c4f94f001d\B417132\atiumd6a.dll
0x00007ffa0fc60000 - 0x00007ffa100e7000 	C:\WINDOWS\System32\SETUPAPI.dll
0x00007ffa03cf0000 - 0x00007ffa03d25000 	C:\WINDOWS\SYSTEM32\amdihk64.dll
0x00007ffa079d0000 - 0x00007ffa07a31000 	C:\WINDOWS\SYSTEM32\directxdatabasehelper.dll
0x00007ffa0cec0000 - 0x00007ffa0cf11000 	C:\WINDOWS\SYSTEM32\cfgmgr32.dll
0x00007ff91b650000 - 0x00007ff91b692000 	C:\Users\LENOVO\.openjfx\cache\17.0.2-ea\glass.dll
0x00007ffa0f740000 - 0x00007ffa0f82f000 	C:\WINDOWS\System32\COMDLG32.dll
0x00007ff9e71a0000 - 0x00007ff9e72d3000 	C:\ProgramData\A-Volute\A-Volute.Nahimic\Modules\Scheduled\x64\AudioDevProps2.dll
0x00007ffa10870000 - 0x00007ffa109cc000 	C:\WINDOWS\System32\MSCTF.dll
0x00007ffa0bad0000 - 0x00007ffa0bc02000 	C:\WINDOWS\SYSTEM32\DNSAPI.dll
0x00007ffa0ba40000 - 0x00007ffa0ba72000 	C:\WINDOWS\SYSTEM32\IPHLPAPI.DLL
0x00007ffa0ed80000 - 0x00007ffa0ed8a000 	C:\WINDOWS\System32\NSI.dll
0x00007ffa06450000 - 0x00007ffa0645b000 	C:\Windows\System32\rasadhlp.dll
0x00007ffa03b00000 - 0x00007ffa03b86000 	C:\WINDOWS\System32\fwpuclnt.dll
0x00007ff996f70000 - 0x00007ff996f79000 	C:\Program Files\Eclipse Adoptium\jdk-21.0.11.10-hotspot\bin\extnet.dll
0x00007ff996f60000 - 0x00007ff996f6e000 	C:\Program Files\Eclipse Adoptium\jdk-21.0.11.10-hotspot\bin\sunmscapi.dll
0x00007ffa0e0e0000 - 0x00007ffa0e257000 	C:\WINDOWS\System32\CRYPT32.dll
0x00007ffa0cb80000 - 0x00007ffa0cbb0000 	C:\WINDOWS\SYSTEM32\ncrypt.dll
0x00007ffa0cb30000 - 0x00007ffa0cb6f000 	C:\WINDOWS\SYSTEM32\NTASN1.dll
0x00007ffa0c960000 - 0x00007ffa0c97b000 	C:\WINDOWS\SYSTEM32\CRYPTSP.dll
0x00007ffa0bfd0000 - 0x00007ffa0c009000 	C:\WINDOWS\system32\rsaenh.dll
0x00007ffa0c730000 - 0x00007ffa0c763000 	C:\WINDOWS\SYSTEM32\USERENV.dll
0x00007ffa0d200000 - 0x00007ffa0d22a000 	C:\WINDOWS\SYSTEM32\bcrypt.dll
0x00007ffa0c980000 - 0x00007ffa0c98c000 	C:\WINDOWS\SYSTEM32\CRYPTBASE.dll
0x00007ff9ef5e0000 - 0x00007ff9ef5e8000 	C:\WINDOWS\system32\wshunix.dll
0x00007ff98bc20000 - 0x00007ff98bc34000 	C:\Users\LENOVO\.openjfx\cache\17.0.2-ea\javafx_font.dll
0x00007ffa09190000 - 0x00007ffa093f7000 	C:\WINDOWS\SYSTEM32\dwrite.dll
0x00007ffa0eff0000 - 0x00007ffa0f09e000 	C:\WINDOWS\System32\clbcatq.dll

JVMTI agents: none

dbghelp: loaded successfully - version: 4.0.5 - missing functions: none
symbol engine: initialized successfully - sym options: 0x614 - pdb path: .;C:\Program Files\Eclipse Adoptium\jdk-21.0.11.10-hotspot\bin;C:\WINDOWS\SYSTEM32;C:\WINDOWS\WinSxS\amd64_microsoft.windows.common-controls_6595b64144ccf1df_6.0.26100.8115_none_3e075c82e3354f9c;C:\Program Files\Eclipse Adoptium\jdk-21.0.11.10-hotspot\bin\server;C:\Users\LENOVO\.openjfx\cache\17.0.2-ea;C:\WINDOWS\System32\DriverStore\FileRepository\u0417253.inf_amd64_a9b363c4f94f001d\B417132;C:\ProgramData\A-Volute\A-Volute.Nahimic\Modules\Scheduled\x64;C:\Program Files\Common Files\Microsoft Shared\Ink

VM Arguments:
jvm_args: --module-path=C:\Users\LENOVO\.m2\repository\org\openjfx\javafx-base\17.0.2\javafx-base-17.0.2-win.jar;C:\Users\LENOVO\.m2\repository\org\openjfx\javafx-base\17.0.2\javafx-base-17.0.2.jar;C:\Users\LENOVO\.m2\repository\org\openjfx\javafx-controls\17.0.2\javafx-controls-17.0.2-win.jar;C:\Users\LENOVO\.m2\repository\org\openjfx\javafx-controls\17.0.2\javafx-controls-17.0.2.jar;C:\Users\LENOVO\.m2\repository\org\openjfx\javafx-fxml\17.0.2\javafx-fxml-17.0.2-win.jar;C:\Users\LENOVO\.m2\repository\org\openjfx\javafx-graphics\17.0.2\javafx-graphics-17.0.2-win.jar;C:\Users\LENOVO\.m2\repository\org\openjfx\javafx-graphics\17.0.2\javafx-graphics-17.0.2.jar;C:\Users\LENOVO\.m2\repository\org\openjfx\javafx-media\17.0.2\javafx-media-17.0.2-win.jar;C:\Users\LENOVO\.m2\repository\org\openjfx\javafx-media\17.0.2\javafx-media-17.0.2.jar;C:\Users\LENOVO\.m2\repository\org\openjfx\javafx-swing\17.0.2\javafx-swing-17.0.2-win.jar;C:\Users\LENOVO\.m2\repository\org\openjfx\javafx-swing\17.0.2\javafx-swing-17.0.2.jar;C:\Users\LENOVO\.m2\repository\org\openjfx\javafx-web\17.0.2\javafx-web-17.0.2-win.jar;C:\Users\LENOVO\.m2\repository\org\openjfx\javafx-web\17.0.2\javafx-web-17.0.2.jar --add-modules=javafx.base,javafx.controls,javafx.fxml,javafx.graphics,javafx.media,javafx.swing,javafx.web 
java_command: com.wellcare.Main
java_class_path (initial): C:\Users\LENOVO\Desktop\projetjavafinal\finalprojetjava\target\classes;C:\Users\LENOVO\.m2\repository\antlr\antlr\2.7.7\antlr-2.7.7.jar;C:\Users\LENOVO\.m2\repository\at\favre\lib\bcrypt\0.10.2\bcrypt-0.10.2.jar;C:\Users\LENOVO\.m2\repository\at\favre\lib\bytes\1.5.0\bytes-1.5.0.jar;C:\Users\LENOVO\.m2\repository\com\fasterxml\classmate\1.5.1\classmate-1.5.1.jar;C:\Users\LENOVO\.m2\repository\com\fasterxml\jackson\core\jackson-annotations\2.14.2\jackson-annotations-2.14.2.jar;C:\Users\LENOVO\.m2\repository\com\fasterxml\jackson\core\jackson-core\2.14.2\jackson-core-2.14.2.jar;C:\Users\LENOVO\.m2\repository\com\fasterxml\jackson\core\jackson-databind\2.14.2\jackson-databind-2.14.2.jar;C:\Users\LENOVO\.m2\repository\com\github\ben-manes\caffeine\caffeine\2.9.3\caffeine-2.9.3.jar;C:\Users\LENOVO\.m2\repository\com\github\librepdf\openpdf\1.3.30\openpdf-1.3.30.jar;C:\Users\LENOVO\.m2\repository\com\github\waffle\waffle-jna\3.3.0\waffle-jna-3.3.0.jar;C:\Users\LENOVO\.m2\repository\com\google\code\findbugs\jsr305\3.0.2\jsr305-3.0.2.jar;C:\Users\LENOVO\.m2\repository\com\google\errorprone\error_prone_annotations\2.10.0\error_prone_annotations-2.10.0.jar;C:\Users\LENOVO\.m2\repository\com\google\protobuf\protobuf-java\3.21.9\protobuf-java-3.21.9.jar;C:\Users\LENOVO\.m2\repository\com\googlecode\json-simple\json-simple\1.1.1\json-simple-1.1.1.jar;C:\Users\LENOVO\.m2\repository\com\itextpdf\barcodes\7.2.5\barcodes-7.2.5.jar;C:\Users\LENOVO\.m2\repository\com\itextpdf\commons\7.2.5\commons-7.2.5.jar;C:\Users\LENOVO\.m2\repository\com\itextpdf\font-asian\7.2.5\font-asian-7.2.5.jar;C:\Users\LENOVO\.m2\repository\com\itextpdf\forms\7.2.5\forms-7.2.5.jar;C:\Users\LENOVO\.m2\repository\com\itextpdf\hyph\7.2.5\hyph-7.2.5.jar;C:\Users\LENOVO\.m2\repository\com\itextpdf\io\7.2.5\io-7.2.5.jar;C:\Users\LENOVO\.m2\repository\com\itextpdf\itextpdf\5.5.13.3\itextpdf-5.5.13.3.jar;C:\Users\LENOVO\.m2\repository\com\itextpdf\kernel\7.2.5\kernel-7.2.5.jar;C:\Users\LENOVO\.m2\repository\com\itextpdf\layout\7.2.5\layout-7.2.5.jar;C:\Users\LENOVO\.m2\repository\com\itextpdf\pdfa\7.2.5\pdfa-7.2.5.jar;C:\Users\LENOVO\.m2\repository\com\itextpdf\sign\7.2.5\sign-7.2.5.jar;C:\Users\LENOVO\.m2\repository\com\itextpdf\styled-xml-parser\7.2.5\styled-xml-parser-7.2.5.jar;C:\Users\LENOVO\.m2\repository\com\itextpdf\svg\7.2.5\svg-7.2.5.jar;C:\Users\LENOVO\.m2\repository\com\mysql\mysql-connector-j\8.0.33\mysql-connector-j-8.0.33.jar;C:\Users\LENOVO\.m2\repository\com\sothawo\mapjfx\3.1.0\mapjfx-3.1.0.jar;C:\Users\LENOVO\.m2\repository\com\squareup\okhttp3\okhttp\4.12.0\okhttp-4.12.0.jar;C:\Users\LENOVO\.m2\repository\com\squareup\okio\okio\3.6.0\okio-3.6.0.jar;C:\Users\LENOVO\.m2\repository\com\squareup\okio\okio-jvm\3.6.0\okio-jvm-3.6.0.jar;C:\Users\LENOVO\.m2\repository\com\sun\activation\jakarta.activation\2.0.1\jakarta.activation-2.0.1.jar;C:\Users\LENOVO\.m2\repository\com\sun\istack\istack-commons-runtime\3.0.7\istack-commons-runtime-3.0.7.jar;C:\Users\LENOVO\.m2\repository\com\sun\mail\jakarta.mail\2.0.1\jakarta.mail-2.0.1.jar;C:\Users\LENOVO\.m2\repository\com\sun\xml\fastinfoset\FastInfoset\1.2.15\FastInfoset-1.2.15.jar;C:\Users\LENOVO\.m2\repository\jakarta\servlet\jakarta.servlet-api\6.0.0\jakarta.servlet-api-6.0.0.jar;C:\Users\LENOVO\.m2\repository\javax\activation\javax.activation-api\1.2.0\javax.activation-api-1.2.0.jar;C:\Users\LENOVO\.m2\repository\javax\persistence\javax.persistence-api\2.2\javax.persistence-api-2.2.jar;C:\Users\LENOVO\.m2\repository\javax\xml\bind\jaxb-api\2.3.1\jaxb-api-2.3.1.jar;C:\Users\LENOVO\.m2\repository\junit\junit\4.10\junit-4.10.jar;C:\Users\LENOVO\.m2\repository\net\bytebuddy\byte-buddy\1.12.18\byte-buddy-1.12.18.jar;C:\Users\LENOVO\.m2\repository\net\java\dev\jna\jna\5.13.0\jna-5.13.0.jar;C:\Users\LENOVO\.m2\repository\net\java\dev\jna\jna-platform\5.13.0\jna-platform-5.13.0.jar;C:\Users\LENOVO\.m2\repository\org\bouncycastle\bcpkix-jdk15on\1.70\bcpkix-jdk15on-1.70.jar;C:\Users\LENOVO\.m2\repository\org\bouncycastle\bcprov-jdk15on\1.70\bcprov-jdk15on-1.70.jar;C:\Users\LENOVO\.m2\repository\org\bouncycastle\bcutil-jdk15on\1.70\bcutil-jdk15on-1.70.jar;C:\Users\LENOVO\.m2\repository\org\checkerframework\checker-qual\3.32.0\checker-qual-3.32.0.jar;C:\Users\LENOVO\.m2\repository\org\controlsfx\controlsfx\11.2.1\controlsfx-11.2.1.jar;C:\Users\LENOVO\.m2\repository\org\glassfish\jaxb\jaxb-runtime\2.3.1\jaxb-runtime-2.3.1.jar;C:\Users\LENOVO\.m2\repository\org\glassfish\jaxb\txw2\2.3.1\txw2-2.3.1.jar;C:\Users\LENOVO\.m2\repository\org\hamcrest\hamcrest-core\1.1\hamcrest-core-1.1.jar;C:\Users\LENOVO\.m2\repository\org\hibernate\hibernate-core\5.6.15.Final\hibernate-core-5.6.15.Final.jar;C:\Users\LENOVO\.m2\repository\org\hibernate\common\hibernate-commons-annotations\5.1.2.Final\hibernate-commons-annotations-5.1.2.Final.jar;C:\Users\LENOVO\.m2\repository\org\java-websocket\Java-WebSocket\1.5.3\Java-WebSocket-1.5.3.jar;C:\Users\LENOVO\.m2\repository\org\jboss\jandex\2.4.2.Final\jandex-2.4.2.Final.jar;C:\Users\LENOVO\.m2\repository\org\jboss\logging\jboss-logging\3.4.3.Final\jboss-logging-3.4.3.Final.jar;C:\Users\LENOVO\.m2\repository\org\jboss\spec\javax\transaction\jboss-transaction-api_1.2_spec\1.1.1.Final\jboss-transaction-api_1.2_spec-1.1.1.Final.jar;C:\Users\LENOVO\.m2\repository\org\jetbrains\annotations\13.0\annotations-13.0.jar;C:\Users\LENOVO\.m2\repository\org\jetbrains\kotlin\kotlin-stdlib\1.8.21\kotlin-stdlib-1.8.21.jar;C:\Users\LENOVO\.m2\repository\org\jetbrains\kotlin\kotlin-stdlib-common\1.9.10\kotlin-stdlib-common-1.9.10.jar;C:\Users\LENOVO\.m2\repository\org\jetbrains\kotlin\kotlin-stdlib-jdk7\1.8.21\kotlin-stdlib-jdk7-1.8.21.jar;C:\Users\LENOVO\.m2\repository\org\jetbrains\kotlin\kotlin-stdlib-jdk8\1.8.21\kotlin-stdlib-jdk8-1.8.21.jar;C:\Users\LENOVO\.m2\repository\org\json\json\20231013\json-20231013.jar;C:\Users\LENOVO\.m2\repository\org\jvnet\staxex\stax-ex\1.8\stax-ex-1.8.jar;C:\Users\LENOVO\.m2\repository\org\mariadb\jdbc\mariadb-java-client\3.3.3\mariadb-java-client-3.3.3.jar;C:\Users\LENOVO\.m2\repository\org\slf4j\jcl-over-slf4j\2.0.7\jcl-over-slf4j-2.0.7.jar;C:\Users\LENOVO\.m2\repository\org\slf4j\slf4j-api\1.7.31\slf4j-api-1.7.31.jar;C:\Users\LENOVO\.m2\repository\org\slf4j\slf4j-simple\1.7.36\slf4j-simple-1.7.36.jar
Launcher Type: SUN_STANDARD

[Global flags]
     intx CICompilerCount                          = 4                                         {product} {ergonomic}
     uint ConcGCThreads                            = 3                                         {product} {ergonomic}
     uint G1ConcRefinementThreads                  = 10                                        {product} {ergonomic}
   size_t G1HeapRegionSize                         = 2097152                                   {product} {ergonomic}
    uintx GCDrainStackTargetSize                   = 64                                        {product} {ergonomic}
   size_t InitialHeapSize                          = 232783872                                 {product} {ergonomic}
   size_t MarkStackSize                            = 4194304                                   {product} {ergonomic}
   size_t MaxHeapSize                              = 3720347648                                {product} {ergonomic}
   size_t MaxNewSize                               = 2231369728                                {product} {ergonomic}
   size_t MinHeapDeltaBytes                        = 2097152                                   {product} {ergonomic}
   size_t MinHeapSize                              = 8388608                                   {product} {ergonomic}
    uintx NonNMethodCodeHeapSize                   = 5839372                                {pd product} {ergonomic}
    uintx NonProfiledCodeHeapSize                  = 122909434                              {pd product} {ergonomic}
    uintx ProfiledCodeHeapSize                     = 122909434                              {pd product} {ergonomic}
    uintx ReservedCodeCacheSize                    = 251658240                              {pd product} {ergonomic}
     bool SegmentedCodeCache                       = true                                      {product} {ergonomic}
   size_t SoftMaxHeapSize                          = 3720347648                             {manageable} {ergonomic}
     bool UseCompressedOops                        = true                           {product lp64_product} {ergonomic}
     bool UseG1GC                                  = true                                      {product} {ergonomic}
     bool UseLargePagesIndividualAllocation        = false                                  {pd product} {ergonomic}

Logging:
Log output configuration:
 #0: stdout all=warning uptime,level,tags foldmultilines=false
 #1: stderr all=off uptime,level,tags foldmultilines=false

Release file:
IMPLEMENTOR="Eclipse Adoptium" 
IMPLEMENTOR_VERSION="Temurin-21.0.11+10" 
JAVA_RUNTIME_VERSION="21.0.11+10-LTS" 
JAVA_VERSION="21.0.11" 
JAVA_VERSION_DATE="2026-04-21" 
LIBC="default" 
MODULES="java.base java.compiler java.datatransfer java.xml java.prefs java.desktop java.instrument java.logging java.management java.security.sasl java.naming java.rmi java.management.rmi java.net.http java.scripting java.security.jgss java.transaction.xa java.sql java.sql.rowset java.xml.crypto java.se java.smartcardio jdk.accessibility jdk.internal.jvmstat jdk.attach jdk.charsets jdk.internal.opt jdk.zipfs jdk.compiler jdk.crypto.ec jdk.crypto.cryptoki jdk.crypto.mscapi jdk.dynalink jdk.internal.ed jdk.editpad jdk.hotspot.agent jdk.httpserver jdk.incubator.vector jdk.internal.le jdk.internal.vm.ci jdk.internal.vm.compiler jdk.internal.vm.compiler.management jdk.jartool jdk.javadoc jdk.jcmd jdk.management jdk.management.agent jdk.jconsole jdk.jdeps jdk.jdwp.agent jdk.jdi jdk.jfr jdk.jlink jdk.jpackage jdk.jshell jdk.jsobject jdk.jstatd jdk.localedata jdk.management.jfr jdk.naming.dns jdk.naming.rmi jdk.net jdk.nio.mapmode jdk.random jdk.sctp jdk.security.auth jdk.security.jgss jdk.unsupported jdk.unsupported.desktop jdk.xml.dom" 
OS_ARCH="x86_64" 
OS_NAME="Windows" 
SOURCE=".:git:254494ad7d75" 
BUILD_SOURCE="git:a612825ee82a20ac872d60958c349854c1f29a8e"
BUILD_SOURCE_REPO="https://github.com/adoptium/temurin-build.git"
SOURCE_REPO="https://github.com/adoptium/jdk21u.git"
FULL_VERSION="21.0.11+10-LTS"
SEMANTIC_VERSION="21.0.11+10"
BUILD_INFO="OS: Windows Server 2022 Version: 10.0"
JVM_VARIANT="Hotspot"
JVM_VERSION="21.0.11+10-LTS"
IMAGE_TYPE="JDK"

Environment Variables:
JAVA_HOME=C:\Program Files\Eclipse Adoptium\jdk-21.0.11.10-hotspot
PATH=C:\oraclexe\app\oracle\product\11.2.0\server\bin;;C:\Program Files (x86)\VMware\VMware Workstation\bin\;C:\Program Files\Common Files\Oracle\Java\javapath;C:\ProgramData\Oracle\Java\javapath;C:\Windows\system32;C:\Windows;C:\Windows\System32\Wbem;C:\Windows\System32\WindowsPowerShell\v1.0\;C:\Windows\System32\OpenSSH\;C:\Program Files (x86)\NVIDIA Corporation\PhysX\Common;C:\Program Files\NVIDIA Corporation\NVIDIA NvDLISR;C:\Program Files (x86)\dotnet\;C:\WINDOWS\system32;C:\WINDOWS;C:\WINDOWS\System32\Wbem;C:\WINDOWS\System32\WindowsPowerShell\v1.0\;C:\WINDOWS\System32\OpenSSH\;C:\php-8.3.2-;C:\Program Files\Git\cmd;C:\Program Files\nodejs\;C:\sqlite;C:\Program Files (x86)\Git\cmd;C:\Users\LENOVO\AppData\Local\Android\Sdk\platform-tools;C:\Users\LENOVO\AppData\Local\Android\Sdk\emulator;C:\Users\LENOVO\AppData\Local\Android\Sdk\tools;C:\Users\LENOVO\AppData\Local\Android\Sdk\tools\bin;C:\ProgramData\ComposerSetup\bin;C:\Program Files (x86)\Microsoft SQL Server\150\Tools\Binn\;C:\Program Files\Microsoft SQL Server\150\Tools\Binn\;C:\Program Files (x86)\Microsoft SQL Server\150\DTS\Binn\;C:\Program Files\Microsoft SQL Server\150\DTS\Binn\;C:\Program Files\Microsoft SQL Server\Client SDK\ODBC\170\Tools\Binn\;C:\Program Files (x86)\Microsoft SQL Server\160\DTS\Binn\;C:\Program Files\Docker\Docker\resources\bin;C:\Users\LENOVO\scoop\shims;C:\Users\LENOVO\AppData\Local\Programs\Python\Python312\Scripts\;C:\Users\LENOVO\AppData\Local\Programs\Python\Python312\;C:\Users\LENOVO\AppData\Local\Programs\Python\Launcher\;C:\Users\LENOVO\AppData\Local\Microsoft\WindowsApps;C:\Users\LENOVO\AppData\Local\Programs\Microsoft VS Code\bin;C:\Users\LENOVO\AppData\Roaming\npm;C:\Users\LENOVO\AppData\Roaming\Composer\vendor\bin;C:\Users\LENOVO\AppData\Local\Google\Cloud SDK\google-cloud-sdk\bin;C:\xampp\php;C:\Users\LENOVO\AppData\Local\Programs\cursor\resources\app\bin;
USERNAME=LENOVO
OS=Windows_NT
PROCESSOR_IDENTIFIER=AMD64 Family 25 Model 80 Stepping 0, AuthenticAMD
TMP=C:\Users\LENOVO\AppData\Local\Temp
TEMP=C:\Users\LENOVO\AppData\Local\Temp




Periodic native trim disabled

---------------  S Y S T E M  ---------------

OS:
 Windows 11 , 64 bit Build 26100 (10.0.26100.8246)
OS uptime: 1 days 7:14 hours
Hyper-V role detected

CPU: total 12 (initial active 12) (12 cores per cpu, 2 threads per core) family 25 model 80 stepping 0 microcode 0xa50000c, cx8, cmov, fxsr, ht, mmx, 3dnowpref, sse, sse2, sse3, ssse3, sse4a, sse4.1, sse4.2, popcnt, lzcnt, tsc, tscinvbit, avx, avx2, aes, erms, clmul, bmi1, bmi2, adx, sha, fma, vzeroupper, clflush, clflushopt, hv, rdtscp, rdpid, fsrm, f16c, cet_ss
Processor Information for processor 0
  Max Mhz: 3301, Current Mhz: 3301, Mhz Limit: 3301
Processor Information for processor 1
  Max Mhz: 3301, Current Mhz: 3301, Mhz Limit: 3301
Processor Information for processor 2
  Max Mhz: 3301, Current Mhz: 3301, Mhz Limit: 3301
Processor Information for processor 3
  Max Mhz: 3301, Current Mhz: 3301, Mhz Limit: 3301
Processor Information for processor 4
  Max Mhz: 3301, Current Mhz: 3301, Mhz Limit: 3301
Processor Information for processor 5
  Max Mhz: 3301, Current Mhz: 3301, Mhz Limit: 3301
Processor Information for processor 6
  Max Mhz: 3301, Current Mhz: 3301, Mhz Limit: 3301
Processor Information for processor 7
  Max Mhz: 3301, Current Mhz: 3301, Mhz Limit: 3301
Processor Information for processor 8
  Max Mhz: 3301, Current Mhz: 3301, Mhz Limit: 3301
Processor Information for processor 9
  Max Mhz: 3301, Current Mhz: 2630, Mhz Limit: 3301
Processor Information for processor 10
  Max Mhz: 3301, Current Mhz: 3301, Mhz Limit: 3301
Processor Information for processor 11
  Max Mhz: 3301, Current Mhz: 3301, Mhz Limit: 3301

Memory: 4k page, system-wide physical 14188M (1045M free)
TotalPageFile size 46897M (AvailPageFile size 206M)
current process WorkingSet (physical memory assigned to process): 544M, peak: 544M
current process commit charge ("private bytes"): 820M, peak: 1082M

vm_info: OpenJDK 64-Bit Server VM (21.0.11+10-LTS) for windows-amd64 JRE (21.0.11+10-LTS), built on 2026-04-21T00:00:00Z by "admin" with MS VC++ 17.12 (VS2022)

END.
